Archive member included to satisfy reference by file (symbol)

C:/devkitPro/libnds/lib\libnds9.a(background.o)
                              main.o (bgState)
C:/devkitPro/libnds/lib\libnds9.a(video.o)
                              main.o (vramSetPrimaryBanks)
C:/devkitPro/libnds/lib\libnds9.a(touch.o)
                              main.o (touchRead)
C:/devkitPro/libnds/lib\libnds9.a(pcx.o)
                              main.o (loadPCX)
C:/devkitPro/libnds/lib\libnds9.a(trig.o)
                              C:/devkitPro/libnds/lib\libnds9.a(background.o) (sinLerp)
C:/devkitPro/libnds/lib\libnds9.a(image.o)
                              main.o (imageTileData)
C:/devkitPro/libnds/lib\libnds9.a(keys.o)
                              main.o (scanKeys)
C:/devkitPro/libnds/lib\libnds9.a(initSystem.o)
                              c:/devkitpro/devkitarm/bin/../lib/gcc/arm-none-eabi/8.3.0/../../../../arm-none-eabi/lib/ds_arm9_crt0.o (initSystem)
C:/devkitPro/libnds/lib\libnds9.a(timeSupport.o)
                              C:/devkitPro/libnds/lib\libnds9.a(initSystem.o) (__libnds_gtod)
C:/devkitPro/libnds/lib\libnds9.a(securearea.o)
                              c:/devkitpro/devkitarm/bin/../lib/gcc/arm-none-eabi/8.3.0/../../../../arm-none-eabi/lib/ds_arm9_crt0.o (__secure_area__)
C:/devkitPro/libnds/lib\libnds9.a(interrupts.o)
                              C:/devkitPro/libnds/lib\libnds9.a(initSystem.o) (irqInit)
C:/devkitPro/libnds/lib\libnds9.a(libnds_exit.arm.o)
                              c:/devkitpro/devkitarm/bin/../lib/gcc/arm-none-eabi/8.3.0/../../../../arm-none-eabi/lib/ds_arm9_crt0.o (__libnds_exit)
C:/devkitPro/libnds/lib\libnds9.a(fifosystem.o)
                              C:/devkitPro/libnds/lib\libnds9.a(initSystem.o) (fifoSetValue32Handler)
C:/devkitPro/libnds/lib\libnds9.a(mpu_setup.o)
                              c:/devkitpro/devkitarm/bin/../lib/gcc/arm-none-eabi/8.3.0/../../../../arm-none-eabi/lib/ds_arm9_crt0.o (__libnds_mpu_setup)
C:/devkitPro/libnds/lib\libnds9.a(IntrWait.o)
                              main.o (swiWaitForVBlank)
C:/devkitPro/libnds/lib\libnds9.a(cpu_clock.o)
                              C:/devkitPro/libnds/lib\libnds9.a(initSystem.o) (setCpuClock)
C:/devkitPro/libnds/lib\libnds9.a(interruptDispatcher.o)
                              C:/devkitPro/libnds/lib\libnds9.a(interrupts.o) (IntrMain)
C:/devkitPro/libnds/lib\libnds9.a(swiSoftReset.o)
                              C:/devkitPro/libnds/lib\libnds9.a(fifosystem.o) (swiSoftReset)
C:/devkitPro/libnds/lib\libnds9.a(system.o)
                              C:/devkitPro/libnds/lib\libnds9.a(initSystem.o) (systemValueHandler)
C:/devkitPro/libnds/lib\libnds9.a(biosCalls.o)
                              C:/devkitPro/libnds/lib\libnds9.a(system.o) (swiDelay)
c:/devkitpro/devkitarm/bin/../lib/gcc/arm-none-eabi/8.3.0\libgcc.a(_divsi3.o)
                              main.o (__aeabi_idiv)
c:/devkitpro/devkitarm/bin/../lib/gcc/arm-none-eabi/8.3.0\libgcc.a(_dvmd_tls.o)
                              c:/devkitpro/devkitarm/bin/../lib/gcc/arm-none-eabi/8.3.0\libgcc.a(_divsi3.o) (__aeabi_idiv0)
c:/devkitpro/devkitarm/bin/../lib/gcc/arm-none-eabi/8.3.0/../../../../arm-none-eabi/lib\libg.a(lib_a-bsearch.o)
                              C:/devkitPro/libnds/lib\libnds9.a(trig.o) (bsearch)
c:/devkitpro/devkitarm/bin/../lib/gcc/arm-none-eabi/8.3.0/../../../../arm-none-eabi/lib\libg.a(lib_a-init.o)
                              c:/devkitpro/devkitarm/bin/../lib/gcc/arm-none-eabi/8.3.0/../../../../arm-none-eabi/lib/ds_arm9_crt0.o (__libc_init_array)
c:/devkitpro/devkitarm/bin/../lib/gcc/arm-none-eabi/8.3.0/../../../../arm-none-eabi/lib\libg.a(lib_a-malloc.o)
                              C:/devkitPro/libnds/lib\libnds9.a(pcx.o) (malloc)
c:/devkitpro/devkitarm/bin/../lib/gcc/arm-none-eabi/8.3.0/../../../../arm-none-eabi/lib\libg.a(lib_a-mallocr.o)
                              c:/devkitpro/devkitarm/bin/../lib/gcc/arm-none-eabi/8.3.0/../../../../arm-none-eabi/lib\libg.a(lib_a-malloc.o) (_malloc_r)
c:/devkitpro/devkitarm/bin/../lib/gcc/arm-none-eabi/8.3.0/../../../../arm-none-eabi/lib\libg.a(lib_a-memcpy-stub.o)
                              main.o (memcpy)
c:/devkitpro/devkitarm/bin/../lib/gcc/arm-none-eabi/8.3.0/../../../../arm-none-eabi/lib\libg.a(lib_a-memset.o)
                              C:/devkitPro/libnds/lib\libnds9.a(background.o) (memset)
c:/devkitpro/devkitarm/bin/../lib/gcc/arm-none-eabi/8.3.0/../../../../arm-none-eabi/lib\libg.a(lib_a-mlock.o)
                              c:/devkitpro/devkitarm/bin/../lib/gcc/arm-none-eabi/8.3.0/../../../../arm-none-eabi/lib\libg.a(lib_a-mallocr.o) (__malloc_lock)
c:/devkitpro/devkitarm/bin/../lib/gcc/arm-none-eabi/8.3.0/../../../../arm-none-eabi/lib\libg.a(lib_a-rand.o)
                              main.o (rand)
c:/devkitpro/devkitarm/bin/../lib/gcc/arm-none-eabi/8.3.0/../../../../arm-none-eabi/lib\libg.a(lib_a-freer.o)
                              c:/devkitpro/devkitarm/bin/../lib/gcc/arm-none-eabi/8.3.0/../../../../arm-none-eabi/lib\libg.a(lib_a-malloc.o) (_free_r)
c:/devkitpro/devkitarm/bin/../lib/gcc/arm-none-eabi/8.3.0/../../../../arm-none-eabi/lib\libsysbase.a(sbrk.o)
                              c:/devkitpro/devkitarm/bin/../lib/gcc/arm-none-eabi/8.3.0/../../../../arm-none-eabi/lib\libg.a(lib_a-mallocr.o) (_sbrk_r)
c:/devkitpro/devkitarm/bin/../lib/gcc/arm-none-eabi/8.3.0/../../../../arm-none-eabi/lib\libsysbase.a(malloc_vars.o)
                              c:/devkitpro/devkitarm/bin/../lib/gcc/arm-none-eabi/8.3.0/../../../../arm-none-eabi/lib/ds_arm9_crt0.o (fake_heap_start)
c:/devkitpro/devkitarm/bin/../lib/gcc/arm-none-eabi/8.3.0/../../../../arm-none-eabi/lib\libsysbase.a(build_argv.o)
                              c:/devkitpro/devkitarm/bin/../lib/gcc/arm-none-eabi/8.3.0/../../../../arm-none-eabi/lib/ds_arm9_crt0.o (build_argv)
c:/devkitpro/devkitarm/bin/../lib/gcc/arm-none-eabi/8.3.0/../../../../arm-none-eabi/lib\libsysbase.a(syscall_support.o)
                              c:/devkitpro/devkitarm/bin/../lib/gcc/arm-none-eabi/8.3.0/../../../../arm-none-eabi/lib\libg.a(lib_a-mlock.o) (__libc_lock_acquire_recursive)
c:/devkitpro/devkitarm/bin/../lib/gcc/arm-none-eabi/8.3.0/../../../../arm-none-eabi/lib\libsysbase.a(getreent.o)
                              c:/devkitpro/devkitarm/bin/../lib/gcc/arm-none-eabi/8.3.0/../../../../arm-none-eabi/lib\libg.a(lib_a-malloc.o) (__getreent)
c:/devkitpro/devkitarm/bin/../lib/gcc/arm-none-eabi/8.3.0/../../../../arm-none-eabi/lib\libg.a(lib_a-impure.o)
                              c:/devkitpro/devkitarm/bin/../lib/gcc/arm-none-eabi/8.3.0/../../../../arm-none-eabi/lib\libsysbase.a(getreent.o) (_impure_ptr)

Allocating common symbols
Common symbol       size              file

fifo_datamsg_data   0x40              C:/devkitPro/libnds/lib\libnds9.a(fifosystem.o)
__dsimode           0x1               C:/devkitPro/libnds/lib\libnds9.a(initSystem.o)
bgState             0x140             C:/devkitPro/libnds/lib\libnds9.a(background.o)
fifo_buffer         0x800             C:/devkitPro/libnds/lib\libnds9.a(fifosystem.o)
bgIsTextLut         0x8               C:/devkitPro/libnds/lib\libnds9.a(background.o)
fifo_value32_func   0x40              C:/devkitPro/libnds/lib\libnds9.a(fifosystem.o)
fifo_address_func   0x40              C:/devkitPro/libnds/lib\libnds9.a(fifosystem.o)
fifo_value32_data   0x40              C:/devkitPro/libnds/lib\libnds9.a(fifosystem.o)
fifo_value32_queue  0x40              C:/devkitPro/libnds/lib\libnds9.a(fifosystem.o)
fifo_data_queue     0x40              C:/devkitPro/libnds/lib\libnds9.a(fifosystem.o)
punixTime           0x4               C:/devkitPro/libnds/lib\libnds9.a(timeSupport.o)
fifo_address_data   0x40              C:/devkitPro/libnds/lib\libnds9.a(fifosystem.o)
fifo_datamsg_func   0x40              C:/devkitPro/libnds/lib\libnds9.a(fifosystem.o)
fifo_address_queue  0x40              C:/devkitPro/libnds/lib\libnds9.a(fifosystem.o)

Discarded input sections

 .text          0x0000000000000000        0x0 c:/devkitpro/devkitarm/bin/../lib/gcc/arm-none-eabi/8.3.0/../../../../arm-none-eabi/lib/ds_arm9_crt0.o
 .data          0x0000000000000000        0x0 c:/devkitpro/devkitarm/bin/../lib/gcc/arm-none-eabi/8.3.0/../../../../arm-none-eabi/lib/ds_arm9_crt0.o
 .bss           0x0000000000000000        0x0 c:/devkitpro/devkitarm/bin/../lib/gcc/arm-none-eabi/8.3.0/../../../../arm-none-eabi/lib/ds_arm9_crt0.o
 .text          0x0000000000000000        0x0 c:/devkitpro/devkitarm/bin/../lib/gcc/arm-none-eabi/8.3.0/crti.o
 .data          0x0000000000000000        0x0 c:/devkitpro/devkitarm/bin/../lib/gcc/arm-none-eabi/8.3.0/crti.o
 .bss           0x0000000000000000        0x0 c:/devkitpro/devkitarm/bin/../lib/gcc/arm-none-eabi/8.3.0/crti.o
 .text          0x0000000000000000        0x0 c:/devkitpro/devkitarm/bin/../lib/gcc/arm-none-eabi/8.3.0/crtbegin.o
 .data          0x0000000000000000        0x0 c:/devkitpro/devkitarm/bin/../lib/gcc/arm-none-eabi/8.3.0/crtbegin.o
 .bss           0x0000000000000000        0x0 c:/devkitpro/devkitarm/bin/../lib/gcc/arm-none-eabi/8.3.0/crtbegin.o
 .data.__dso_handle
                0x0000000000000000        0x4 c:/devkitpro/devkitarm/bin/../lib/gcc/arm-none-eabi/8.3.0/crtbegin.o
 .text          0x0000000000000000        0x0 cielo.pcx.o
 .data          0x0000000000000000        0x0 cielo.pcx.o
 .bss           0x0000000000000000        0x0 cielo.pcx.o
 .text          0x0000000000000000        0x0 ball.pcx.o
 .data          0x0000000000000000        0x0 ball.pcx.o
 .bss           0x0000000000000000        0x0 ball.pcx.o
 .text          0x0000000000000000        0x0 playa.pcx.o
 .data          0x0000000000000000        0x0 playa.pcx.o
 .bss           0x0000000000000000        0x0 playa.pcx.o
 .text          0x0000000000000000        0x0 bouncer.pcx.o
 .data          0x0000000000000000        0x0 bouncer.pcx.o
 .bss           0x0000000000000000        0x0 bouncer.pcx.o
 .data          0x0000000000000000        0x8 main.o
 .text          0x0000000000000000        0x0 C:/devkitPro/libnds/lib\libnds9.a(background.o)
 .data          0x0000000000000000        0x0 C:/devkitPro/libnds/lib\libnds9.a(background.o)
 .bss           0x0000000000000000        0x0 C:/devkitPro/libnds/lib\libnds9.a(background.o)
 .text.bgIsText
                0x0000000000000000        0xc C:/devkitPro/libnds/lib\libnds9.a(background.o)
 .text.checkIfText
                0x0000000000000000       0x28 C:/devkitPro/libnds/lib\libnds9.a(background.o)
 .text.bgInitSub_call
                0x0000000000000000       0xf4 C:/devkitPro/libnds/lib\libnds9.a(background.o)
 .text          0x0000000000000000        0x0 C:/devkitPro/libnds/lib\libnds9.a(video.o)
 .data          0x0000000000000000        0x0 C:/devkitPro/libnds/lib\libnds9.a(video.o)
 .bss           0x0000000000000000        0x0 C:/devkitPro/libnds/lib\libnds9.a(video.o)
 .text.vramSetMainBanks
                0x0000000000000000        0x8 C:/devkitPro/libnds/lib\libnds9.a(video.o)
 .text.vramSetBanks_EFG
                0x0000000000000000       0x38 C:/devkitPro/libnds/lib\libnds9.a(video.o)
 .text.vramRestorePrimaryBanks
                0x0000000000000000        0xc C:/devkitPro/libnds/lib\libnds9.a(video.o)
 .text.vramRestoreMainBanks
                0x0000000000000000        0xc C:/devkitPro/libnds/lib\libnds9.a(video.o)
 .text.vramRestoreBanks_EFG
                0x0000000000000000        0xc C:/devkitPro/libnds/lib\libnds9.a(video.o)
 .text.setBrightness
                0x0000000000000000       0x40 C:/devkitPro/libnds/lib\libnds9.a(video.o)
 .text          0x0000000000000000        0x0 C:/devkitPro/libnds/lib\libnds9.a(touch.o)
 .data          0x0000000000000000        0x0 C:/devkitPro/libnds/lib\libnds9.a(touch.o)
 .bss           0x0000000000000000        0x0 C:/devkitPro/libnds/lib\libnds9.a(touch.o)
 .text.touchReadXY
                0x0000000000000000       0x24 C:/devkitPro/libnds/lib\libnds9.a(touch.o)
 .text          0x0000000000000000        0x0 C:/devkitPro/libnds/lib\libnds9.a(pcx.o)
 .data          0x0000000000000000        0x0 C:/devkitPro/libnds/lib\libnds9.a(pcx.o)
 .bss           0x0000000000000000        0x0 C:/devkitPro/libnds/lib\libnds9.a(pcx.o)
 .text          0x0000000000000000        0x0 C:/devkitPro/libnds/lib\libnds9.a(trig.o)
 .data          0x0000000000000000        0x0 C:/devkitPro/libnds/lib\libnds9.a(trig.o)
 .bss           0x0000000000000000        0x0 C:/devkitPro/libnds/lib\libnds9.a(trig.o)
 .text.asinComp
                0x0000000000000000       0x24 C:/devkitPro/libnds/lib\libnds9.a(trig.o)
 .text.tanLutLookup
                0x0000000000000000       0x34 C:/devkitPro/libnds/lib\libnds9.a(trig.o)
 .text.tanLerp  0x0000000000000000       0xa8 C:/devkitPro/libnds/lib\libnds9.a(trig.o)
 .text.asinLerp
                0x0000000000000000       0x98 C:/devkitPro/libnds/lib\libnds9.a(trig.o)
 .text.acosLerp
                0x0000000000000000       0x14 C:/devkitPro/libnds/lib\libnds9.a(trig.o)
 .text.atanComp
                0x0000000000000000       0x24 C:/devkitPro/libnds/lib\libnds9.a(trig.o)
 .rodata.TAN_LUT
                0x0000000000000000      0x204 C:/devkitPro/libnds/lib\libnds9.a(trig.o)
 .text          0x0000000000000000        0x0 C:/devkitPro/libnds/lib\libnds9.a(image.o)
 .data          0x0000000000000000        0x0 C:/devkitPro/libnds/lib\libnds9.a(image.o)
 .bss           0x0000000000000000        0x0 C:/devkitPro/libnds/lib\libnds9.a(image.o)
 .text.image24to16
                0x0000000000000000       0x9c C:/devkitPro/libnds/lib\libnds9.a(image.o)
 .text.image8to16
                0x0000000000000000       0x58 C:/devkitPro/libnds/lib\libnds9.a(image.o)
 .text.image8to16trans
                0x0000000000000000       0x84 C:/devkitPro/libnds/lib\libnds9.a(image.o)
 .text.imageDestroy
                0x0000000000000000       0x24 C:/devkitPro/libnds/lib\libnds9.a(image.o)
 .text          0x0000000000000000        0x0 C:/devkitPro/libnds/lib\libnds9.a(keys.o)
 .data          0x0000000000000000        0x0 C:/devkitPro/libnds/lib\libnds9.a(keys.o)
 .bss           0x0000000000000000        0x0 C:/devkitPro/libnds/lib\libnds9.a(keys.o)
 .text.keysHeld
                0x0000000000000000        0xc C:/devkitPro/libnds/lib\libnds9.a(keys.o)
 .text.keysDownRepeat
                0x0000000000000000       0x10 C:/devkitPro/libnds/lib\libnds9.a(keys.o)
 .text.keysSetRepeat
                0x0000000000000000       0x24 C:/devkitPro/libnds/lib\libnds9.a(keys.o)
 .text.keysUp   0x0000000000000000       0x18 C:/devkitPro/libnds/lib\libnds9.a(keys.o)
 .text.keysCurrent
                0x0000000000000000       0x38 C:/devkitPro/libnds/lib\libnds9.a(keys.o)
 .text          0x0000000000000000        0x0 C:/devkitPro/libnds/lib\libnds9.a(initSystem.o)
 .data          0x0000000000000000        0x0 C:/devkitPro/libnds/lib\libnds9.a(initSystem.o)
 .bss           0x0000000000000000        0x0 C:/devkitPro/libnds/lib\libnds9.a(initSystem.o)
 .text          0x0000000000000000        0x0 C:/devkitPro/libnds/lib\libnds9.a(timeSupport.o)
 .data          0x0000000000000000        0x0 C:/devkitPro/libnds/lib\libnds9.a(timeSupport.o)
 .bss           0x0000000000000000        0x0 C:/devkitPro/libnds/lib\libnds9.a(timeSupport.o)
 .text          0x0000000000000000        0x0 C:/devkitPro/libnds/lib\libnds9.a(securearea.o)
 .data          0x0000000000000000        0x0 C:/devkitPro/libnds/lib\libnds9.a(securearea.o)
 .bss           0x0000000000000000        0x0 C:/devkitPro/libnds/lib\libnds9.a(securearea.o)
 .text          0x0000000000000000        0x0 C:/devkitPro/libnds/lib\libnds9.a(interrupts.o)
 .data          0x0000000000000000        0x0 C:/devkitPro/libnds/lib\libnds9.a(interrupts.o)
 .bss           0x0000000000000000        0x0 C:/devkitPro/libnds/lib\libnds9.a(interrupts.o)
 .text.irqInitHandler
                0x0000000000000000       0x28 C:/devkitPro/libnds/lib\libnds9.a(interrupts.o)
 .text.irqDisable
                0x0000000000000000       0x64 C:/devkitPro/libnds/lib\libnds9.a(interrupts.o)
 .text.irqClear
                0x0000000000000000       0x38 C:/devkitPro/libnds/lib\libnds9.a(interrupts.o)
 .text          0x0000000000000000        0x0 C:/devkitPro/libnds/lib\libnds9.a(libnds_exit.arm.o)
 .data          0x0000000000000000        0x0 C:/devkitPro/libnds/lib\libnds9.a(libnds_exit.arm.o)
 .bss           0x0000000000000000        0x0 C:/devkitPro/libnds/lib\libnds9.a(libnds_exit.arm.o)
 .text          0x0000000000000000        0x0 C:/devkitPro/libnds/lib\libnds9.a(fifosystem.o)
 .data          0x0000000000000000        0x0 C:/devkitPro/libnds/lib\libnds9.a(fifosystem.o)
 .bss           0x0000000000000000        0x0 C:/devkitPro/libnds/lib\libnds9.a(fifosystem.o)
 .text.fifoSendAddress
                0x0000000000000000       0x38 C:/devkitPro/libnds/lib\libnds9.a(fifosystem.o)
 .text.fifoSendDatamsg
                0x0000000000000000       0x90 C:/devkitPro/libnds/lib\libnds9.a(fifosystem.o)
 .text.fifoGetAddress
                0x0000000000000000       0x70 C:/devkitPro/libnds/lib\libnds9.a(fifosystem.o)
 .text.fifoSetAddressHandler
                0x0000000000000000       0x78 C:/devkitPro/libnds/lib\libnds9.a(fifosystem.o)
 .text.fifoGetValue32
                0x0000000000000000       0x10 C:/devkitPro/libnds/lib\libnds9.a(fifosystem.o)
 .text.fifoCheckAddress
                0x0000000000000000       0x24 C:/devkitPro/libnds/lib\libnds9.a(fifosystem.o)
 .text.fifoCheckDatamsg
                0x0000000000000000       0x24 C:/devkitPro/libnds/lib\libnds9.a(fifosystem.o)
 .text.fifoCheckDatamsgLength
                0x0000000000000000       0x30 C:/devkitPro/libnds/lib\libnds9.a(fifosystem.o)
 .text.fifoCheckValue32
                0x0000000000000000       0x24 C:/devkitPro/libnds/lib\libnds9.a(fifosystem.o)
 .text          0x0000000000000000        0x0 C:/devkitPro/libnds/lib\libnds9.a(mpu_setup.o)
 .bss           0x0000000000000000        0x0 C:/devkitPro/libnds/lib\libnds9.a(mpu_setup.o)
 .text.memCached
                0x0000000000000000       0x20 C:/devkitPro/libnds/lib\libnds9.a(mpu_setup.o)
 .text          0x0000000000000000        0x0 C:/devkitPro/libnds/lib\libnds9.a(IntrWait.o)
 .data          0x0000000000000000        0x0 C:/devkitPro/libnds/lib\libnds9.a(IntrWait.o)
 .bss           0x0000000000000000        0x0 C:/devkitPro/libnds/lib\libnds9.a(IntrWait.o)
 .text          0x0000000000000000        0x0 C:/devkitPro/libnds/lib\libnds9.a(cpu_clock.o)
 .data          0x0000000000000000        0x0 C:/devkitPro/libnds/lib\libnds9.a(cpu_clock.o)
 .bss           0x0000000000000000        0x0 C:/devkitPro/libnds/lib\libnds9.a(cpu_clock.o)
 .itcm          0x0000000000000000        0x0 C:/devkitPro/libnds/lib\libnds9.a(cpu_clock.o)
 .text          0x0000000000000000        0x0 C:/devkitPro/libnds/lib\libnds9.a(interruptDispatcher.o)
 .data          0x0000000000000000        0x0 C:/devkitPro/libnds/lib\libnds9.a(interruptDispatcher.o)
 .bss           0x0000000000000000        0x0 C:/devkitPro/libnds/lib\libnds9.a(interruptDispatcher.o)
 .text          0x0000000000000000        0x0 C:/devkitPro/libnds/lib\libnds9.a(swiSoftReset.o)
 .data          0x0000000000000000        0x0 C:/devkitPro/libnds/lib\libnds9.a(swiSoftReset.o)
 .bss           0x0000000000000000        0x0 C:/devkitPro/libnds/lib\libnds9.a(swiSoftReset.o)
 .text          0x0000000000000000        0x0 C:/devkitPro/libnds/lib\libnds9.a(system.o)
 .data          0x0000000000000000        0x0 C:/devkitPro/libnds/lib\libnds9.a(system.o)
 .bss           0x0000000000000000        0x0 C:/devkitPro/libnds/lib\libnds9.a(system.o)
 .text.setSDcallback
                0x0000000000000000        0xc C:/devkitPro/libnds/lib\libnds9.a(system.o)
 .text.systemSleep
                0x0000000000000000       0x18 C:/devkitPro/libnds/lib\libnds9.a(system.o)
 .text.powerOff
                0x0000000000000000       0x28 C:/devkitPro/libnds/lib\libnds9.a(system.o)
 .text.ledBlink
                0x0000000000000000       0x10 C:/devkitPro/libnds/lib\libnds9.a(system.o)
 .text.getBatteryLevel
                0x0000000000000000       0x20 C:/devkitPro/libnds/lib\libnds9.a(system.o)
 .text.enableSlot1
                0x0000000000000000       0x1c C:/devkitPro/libnds/lib\libnds9.a(system.o)
 .text.disableSlot1
                0x0000000000000000       0x1c C:/devkitPro/libnds/lib\libnds9.a(system.o)
 .text          0x0000000000000000        0x0 C:/devkitPro/libnds/lib\libnds9.a(biosCalls.o)
 .data          0x0000000000000000        0x0 C:/devkitPro/libnds/lib\libnds9.a(biosCalls.o)
 .bss           0x0000000000000000        0x0 C:/devkitPro/libnds/lib\libnds9.a(biosCalls.o)
 .text.swiSleep
                0x0000000000000000        0x4 C:/devkitPro/libnds/lib\libnds9.a(biosCalls.o)
 .text.swiChangeSoundBias
                0x0000000000000000        0x4 C:/devkitPro/libnds/lib\libnds9.a(biosCalls.o)
 .text.swiDivide
                0x0000000000000000        0x4 C:/devkitPro/libnds/lib\libnds9.a(biosCalls.o)
 .text.swiRemainder
                0x0000000000000000        0x8 C:/devkitPro/libnds/lib\libnds9.a(biosCalls.o)
 .text.swiDivMod
                0x0000000000000000        0xc C:/devkitPro/libnds/lib\libnds9.a(biosCalls.o)
 .text.swiCopy  0x0000000000000000        0x4 C:/devkitPro/libnds/lib\libnds9.a(biosCalls.o)
 .text.swiFastCopy
                0x0000000000000000        0x4 C:/devkitPro/libnds/lib\libnds9.a(biosCalls.o)
 .text.swiSqrt  0x0000000000000000        0x4 C:/devkitPro/libnds/lib\libnds9.a(biosCalls.o)
 .text.swiCRC16
                0x0000000000000000        0x4 C:/devkitPro/libnds/lib\libnds9.a(biosCalls.o)
 .text.swiIsDebugger
                0x0000000000000000        0x4 C:/devkitPro/libnds/lib\libnds9.a(biosCalls.o)
 .text.swiUnpackBits
                0x0000000000000000        0x4 C:/devkitPro/libnds/lib\libnds9.a(biosCalls.o)
 .text.swiDecompressLZSSWram
                0x0000000000000000        0x4 C:/devkitPro/libnds/lib\libnds9.a(biosCalls.o)
 .text.swiDecompressLZSSVramNTR
                0x0000000000000000        0x4 C:/devkitPro/libnds/lib\libnds9.a(biosCalls.o)
 .text.swiDecompressLZSSVramTWL
                0x0000000000000000        0x4 C:/devkitPro/libnds/lib\libnds9.a(biosCalls.o)
 .text.swiDecompressHuffman
                0x0000000000000000        0x4 C:/devkitPro/libnds/lib\libnds9.a(biosCalls.o)
 .text.swiDecompressRLEWram
                0x0000000000000000        0x4 C:/devkitPro/libnds/lib\libnds9.a(biosCalls.o)
 .text.swiDecompressRLEVram
                0x0000000000000000        0x4 C:/devkitPro/libnds/lib\libnds9.a(biosCalls.o)
 .text.swiWaitForIRQ
                0x0000000000000000        0x4 C:/devkitPro/libnds/lib\libnds9.a(biosCalls.o)
 .text.swiDecodeDelta8
                0x0000000000000000        0x4 C:/devkitPro/libnds/lib\libnds9.a(biosCalls.o)
 .text.swiDecodeDelta16
                0x0000000000000000        0x4 C:/devkitPro/libnds/lib\libnds9.a(biosCalls.o)
 .text.swiSetHaltCR
                0x0000000000000000        0x4 C:/devkitPro/libnds/lib\libnds9.a(biosCalls.o)
 .data          0x0000000000000000        0x0 c:/devkitpro/devkitarm/bin/../lib/gcc/arm-none-eabi/8.3.0\libgcc.a(_divsi3.o)
 .bss           0x0000000000000000        0x0 c:/devkitpro/devkitarm/bin/../lib/gcc/arm-none-eabi/8.3.0\libgcc.a(_divsi3.o)
 .data          0x0000000000000000        0x0 c:/devkitpro/devkitarm/bin/../lib/gcc/arm-none-eabi/8.3.0\libgcc.a(_dvmd_tls.o)
 .bss           0x0000000000000000        0x0 c:/devkitpro/devkitarm/bin/../lib/gcc/arm-none-eabi/8.3.0\libgcc.a(_dvmd_tls.o)
 .text          0x0000000000000000        0x0 c:/devkitpro/devkitarm/bin/../lib/gcc/arm-none-eabi/8.3.0/../../../../arm-none-eabi/lib\libg.a(lib_a-bsearch.o)
 .data          0x0000000000000000        0x0 c:/devkitpro/devkitarm/bin/../lib/gcc/arm-none-eabi/8.3.0/../../../../arm-none-eabi/lib\libg.a(lib_a-bsearch.o)
 .bss           0x0000000000000000        0x0 c:/devkitpro/devkitarm/bin/../lib/gcc/arm-none-eabi/8.3.0/../../../../arm-none-eabi/lib\libg.a(lib_a-bsearch.o)
 .text.bsearch  0x0000000000000000       0x84 c:/devkitpro/devkitarm/bin/../lib/gcc/arm-none-eabi/8.3.0/../../../../arm-none-eabi/lib\libg.a(lib_a-bsearch.o)
 .comment       0x0000000000000000       0x23 c:/devkitpro/devkitarm/bin/../lib/gcc/arm-none-eabi/8.3.0/../../../../arm-none-eabi/lib\libg.a(lib_a-bsearch.o)
 .ARM.attributes
                0x0000000000000000       0x2a c:/devkitpro/devkitarm/bin/../lib/gcc/arm-none-eabi/8.3.0/../../../../arm-none-eabi/lib\libg.a(lib_a-bsearch.o)
 .text          0x0000000000000000        0x0 c:/devkitpro/devkitarm/bin/../lib/gcc/arm-none-eabi/8.3.0/../../../../arm-none-eabi/lib\libg.a(lib_a-init.o)
 .data          0x0000000000000000        0x0 c:/devkitpro/devkitarm/bin/../lib/gcc/arm-none-eabi/8.3.0/../../../../arm-none-eabi/lib\libg.a(lib_a-init.o)
 .bss           0x0000000000000000        0x0 c:/devkitpro/devkitarm/bin/../lib/gcc/arm-none-eabi/8.3.0/../../../../arm-none-eabi/lib\libg.a(lib_a-init.o)
 .text          0x0000000000000000        0x0 c:/devkitpro/devkitarm/bin/../lib/gcc/arm-none-eabi/8.3.0/../../../../arm-none-eabi/lib\libg.a(lib_a-malloc.o)
 .data          0x0000000000000000        0x0 c:/devkitpro/devkitarm/bin/../lib/gcc/arm-none-eabi/8.3.0/../../../../arm-none-eabi/lib\libg.a(lib_a-malloc.o)
 .bss           0x0000000000000000        0x0 c:/devkitpro/devkitarm/bin/../lib/gcc/arm-none-eabi/8.3.0/../../../../arm-none-eabi/lib\libg.a(lib_a-malloc.o)
 .text          0x0000000000000000        0x0 c:/devkitpro/devkitarm/bin/../lib/gcc/arm-none-eabi/8.3.0/../../../../arm-none-eabi/lib\libg.a(lib_a-mallocr.o)
 .data          0x0000000000000000        0x0 c:/devkitpro/devkitarm/bin/../lib/gcc/arm-none-eabi/8.3.0/../../../../arm-none-eabi/lib\libg.a(lib_a-mallocr.o)
 .bss           0x0000000000000000        0x0 c:/devkitpro/devkitarm/bin/../lib/gcc/arm-none-eabi/8.3.0/../../../../arm-none-eabi/lib\libg.a(lib_a-mallocr.o)
 .text          0x0000000000000000        0x0 c:/devkitpro/devkitarm/bin/../lib/gcc/arm-none-eabi/8.3.0/../../../../arm-none-eabi/lib\libg.a(lib_a-memcpy-stub.o)
 .data          0x0000000000000000        0x0 c:/devkitpro/devkitarm/bin/../lib/gcc/arm-none-eabi/8.3.0/../../../../arm-none-eabi/lib\libg.a(lib_a-memcpy-stub.o)
 .bss           0x0000000000000000        0x0 c:/devkitpro/devkitarm/bin/../lib/gcc/arm-none-eabi/8.3.0/../../../../arm-none-eabi/lib\libg.a(lib_a-memcpy-stub.o)
 .text          0x0000000000000000        0x0 c:/devkitpro/devkitarm/bin/../lib/gcc/arm-none-eabi/8.3.0/../../../../arm-none-eabi/lib\libg.a(lib_a-memset.o)
 .data          0x0000000000000000        0x0 c:/devkitpro/devkitarm/bin/../lib/gcc/arm-none-eabi/8.3.0/../../../../arm-none-eabi/lib\libg.a(lib_a-memset.o)
 .bss           0x0000000000000000        0x0 c:/devkitpro/devkitarm/bin/../lib/gcc/arm-none-eabi/8.3.0/../../../../arm-none-eabi/lib\libg.a(lib_a-memset.o)
 .text          0x0000000000000000        0x0 c:/devkitpro/devkitarm/bin/../lib/gcc/arm-none-eabi/8.3.0/../../../../arm-none-eabi/lib\libg.a(lib_a-mlock.o)
 .data          0x0000000000000000        0x0 c:/devkitpro/devkitarm/bin/../lib/gcc/arm-none-eabi/8.3.0/../../../../arm-none-eabi/lib\libg.a(lib_a-mlock.o)
 .bss           0x0000000000000000        0x0 c:/devkitpro/devkitarm/bin/../lib/gcc/arm-none-eabi/8.3.0/../../../../arm-none-eabi/lib\libg.a(lib_a-mlock.o)
 .text          0x0000000000000000        0x0 c:/devkitpro/devkitarm/bin/../lib/gcc/arm-none-eabi/8.3.0/../../../../arm-none-eabi/lib\libg.a(lib_a-rand.o)
 .data          0x0000000000000000        0x0 c:/devkitpro/devkitarm/bin/../lib/gcc/arm-none-eabi/8.3.0/../../../../arm-none-eabi/lib\libg.a(lib_a-rand.o)
 .bss           0x0000000000000000        0x0 c:/devkitpro/devkitarm/bin/../lib/gcc/arm-none-eabi/8.3.0/../../../../arm-none-eabi/lib\libg.a(lib_a-rand.o)
 .text.srand    0x0000000000000000       0x20 c:/devkitpro/devkitarm/bin/../lib/gcc/arm-none-eabi/8.3.0/../../../../arm-none-eabi/lib\libg.a(lib_a-rand.o)
 .text          0x0000000000000000        0x0 c:/devkitpro/devkitarm/bin/../lib/gcc/arm-none-eabi/8.3.0/../../../../arm-none-eabi/lib\libg.a(lib_a-freer.o)
 .data          0x0000000000000000        0x0 c:/devkitpro/devkitarm/bin/../lib/gcc/arm-none-eabi/8.3.0/../../../../arm-none-eabi/lib\libg.a(lib_a-freer.o)
 .bss           0x0000000000000000        0x0 c:/devkitpro/devkitarm/bin/../lib/gcc/arm-none-eabi/8.3.0/../../../../arm-none-eabi/lib\libg.a(lib_a-freer.o)
 .text          0x0000000000000000        0x0 c:/devkitpro/devkitarm/bin/../lib/gcc/arm-none-eabi/8.3.0/../../../../arm-none-eabi/lib\libsysbase.a(sbrk.o)
 .data          0x0000000000000000        0x0 c:/devkitpro/devkitarm/bin/../lib/gcc/arm-none-eabi/8.3.0/../../../../arm-none-eabi/lib\libsysbase.a(sbrk.o)
 .bss           0x0000000000000000        0x0 c:/devkitpro/devkitarm/bin/../lib/gcc/arm-none-eabi/8.3.0/../../../../arm-none-eabi/lib\libsysbase.a(sbrk.o)
 .text          0x0000000000000000        0x0 c:/devkitpro/devkitarm/bin/../lib/gcc/arm-none-eabi/8.3.0/../../../../arm-none-eabi/lib\libsysbase.a(malloc_vars.o)
 .data          0x0000000000000000        0x0 c:/devkitpro/devkitarm/bin/../lib/gcc/arm-none-eabi/8.3.0/../../../../arm-none-eabi/lib\libsysbase.a(malloc_vars.o)
 .bss           0x0000000000000000        0x0 c:/devkitpro/devkitarm/bin/../lib/gcc/arm-none-eabi/8.3.0/../../../../arm-none-eabi/lib\libsysbase.a(malloc_vars.o)
 .text          0x0000000000000000        0x0 c:/devkitpro/devkitarm/bin/../lib/gcc/arm-none-eabi/8.3.0/../../../../arm-none-eabi/lib\libsysbase.a(build_argv.o)
 .data          0x0000000000000000        0x0 c:/devkitpro/devkitarm/bin/../lib/gcc/arm-none-eabi/8.3.0/../../../../arm-none-eabi/lib\libsysbase.a(build_argv.o)
 .bss           0x0000000000000000        0x0 c:/devkitpro/devkitarm/bin/../lib/gcc/arm-none-eabi/8.3.0/../../../../arm-none-eabi/lib\libsysbase.a(build_argv.o)
 .text          0x0000000000000000        0x0 c:/devkitpro/devkitarm/bin/../lib/gcc/arm-none-eabi/8.3.0/../../../../arm-none-eabi/lib\libsysbase.a(syscall_support.o)
 .data          0x0000000000000000        0x0 c:/devkitpro/devkitarm/bin/../lib/gcc/arm-none-eabi/8.3.0/../../../../arm-none-eabi/lib\libsysbase.a(syscall_support.o)
 .bss           0x0000000000000000        0x0 c:/devkitpro/devkitarm/bin/../lib/gcc/arm-none-eabi/8.3.0/../../../../arm-none-eabi/lib\libsysbase.a(syscall_support.o)
 .text.__libc_lock_init
                0x0000000000000000       0x18 c:/devkitpro/devkitarm/bin/../lib/gcc/arm-none-eabi/8.3.0/../../../../arm-none-eabi/lib\libsysbase.a(syscall_support.o)
 .text.__libc_lock_acquire
                0x0000000000000000       0x18 c:/devkitpro/devkitarm/bin/../lib/gcc/arm-none-eabi/8.3.0/../../../../arm-none-eabi/lib\libsysbase.a(syscall_support.o)
 .text.__libc_lock_try_acquire
                0x0000000000000000       0x20 c:/devkitpro/devkitarm/bin/../lib/gcc/arm-none-eabi/8.3.0/../../../../arm-none-eabi/lib\libsysbase.a(syscall_support.o)
 .text.__libc_lock_release
                0x0000000000000000       0x18 c:/devkitpro/devkitarm/bin/../lib/gcc/arm-none-eabi/8.3.0/../../../../arm-none-eabi/lib\libsysbase.a(syscall_support.o)
 .text.__libc_lock_close
                0x0000000000000000       0x18 c:/devkitpro/devkitarm/bin/../lib/gcc/arm-none-eabi/8.3.0/../../../../arm-none-eabi/lib\libsysbase.a(syscall_support.o)
 .text.__libc_lock_init_recursive
                0x0000000000000000       0x18 c:/devkitpro/devkitarm/bin/../lib/gcc/arm-none-eabi/8.3.0/../../../../arm-none-eabi/lib\libsysbase.a(syscall_support.o)
 .text.__libc_lock_try_acquire_recursive
                0x0000000000000000       0x20 c:/devkitpro/devkitarm/bin/../lib/gcc/arm-none-eabi/8.3.0/../../../../arm-none-eabi/lib\libsysbase.a(syscall_support.o)
 .text.__libc_lock_close_recursive
                0x0000000000000000       0x18 c:/devkitpro/devkitarm/bin/../lib/gcc/arm-none-eabi/8.3.0/../../../../arm-none-eabi/lib\libsysbase.a(syscall_support.o)
 .text          0x0000000000000000        0x0 c:/devkitpro/devkitarm/bin/../lib/gcc/arm-none-eabi/8.3.0/../../../../arm-none-eabi/lib\libsysbase.a(getreent.o)
 .data          0x0000000000000000        0x0 c:/devkitpro/devkitarm/bin/../lib/gcc/arm-none-eabi/8.3.0/../../../../arm-none-eabi/lib\libsysbase.a(getreent.o)
 .bss           0x0000000000000000        0x0 c:/devkitpro/devkitarm/bin/../lib/gcc/arm-none-eabi/8.3.0/../../../../arm-none-eabi/lib\libsysbase.a(getreent.o)
 .text          0x0000000000000000        0x0 c:/devkitpro/devkitarm/bin/../lib/gcc/arm-none-eabi/8.3.0/../../../../arm-none-eabi/lib\libg.a(lib_a-impure.o)
 .data          0x0000000000000000        0x0 c:/devkitpro/devkitarm/bin/../lib/gcc/arm-none-eabi/8.3.0/../../../../arm-none-eabi/lib\libg.a(lib_a-impure.o)
 .bss           0x0000000000000000        0x0 c:/devkitpro/devkitarm/bin/../lib/gcc/arm-none-eabi/8.3.0/../../../../arm-none-eabi/lib\libg.a(lib_a-impure.o)
 .rodata._global_impure_ptr
                0x0000000000000000        0x4 c:/devkitpro/devkitarm/bin/../lib/gcc/arm-none-eabi/8.3.0/../../../../arm-none-eabi/lib\libg.a(lib_a-impure.o)
 .text          0x0000000000000000        0x0 c:/devkitpro/devkitarm/bin/../lib/gcc/arm-none-eabi/8.3.0/crtend.o
 .data          0x0000000000000000        0x0 c:/devkitpro/devkitarm/bin/../lib/gcc/arm-none-eabi/8.3.0/crtend.o
 .bss           0x0000000000000000        0x0 c:/devkitpro/devkitarm/bin/../lib/gcc/arm-none-eabi/8.3.0/crtend.o
 .text          0x0000000000000000        0x0 c:/devkitpro/devkitarm/bin/../lib/gcc/arm-none-eabi/8.3.0/crtn.o
 .data          0x0000000000000000        0x0 c:/devkitpro/devkitarm/bin/../lib/gcc/arm-none-eabi/8.3.0/crtn.o
 .bss           0x0000000000000000        0x0 c:/devkitpro/devkitarm/bin/../lib/gcc/arm-none-eabi/8.3.0/crtn.o

Memory Configuration

Name             Origin             Length             Attributes
ewram            0x0000000002000000 0x0000000000380000
dtcm             0x000000000b000000 0x0000000000004000
vectors          0x0000000001000000 0x0000000000000100
itcm             0x0000000001000100 0x0000000000007f00
*default*        0x0000000000000000 0xffffffffffffffff

Linker script and memory map

                0x0000000002380000                __ewram_end = (ORIGIN (ewram) + LENGTH (ewram))
                0x0000000002380000                __eheap_end = (ORIGIN (ewram) + LENGTH (ewram))
                0x000000000b004000                __dtcm_top = (ORIGIN (dtcm) + LENGTH (dtcm))
                0x000000000b003ff8                __irq_flags = (__dtcm_top - 0x8)
                0x000000000b003ffc                __irq_vector = (__dtcm_top - 0x4)
                0x000000000b003f00                __sp_svc = (__dtcm_top - 0x100)
                0x000000000b003e00                __sp_irq = (__sp_svc - 0x100)
                0x000000000b003d00                __sp_usr = (__sp_irq - 0x100)

.secure         0x0000000002000000      0x800
 *(.secure)
 .secure        0x0000000002000000      0x800 C:/devkitPro/libnds/lib\libnds9.a(securearea.o)
                0x0000000002000000                __secure_area__

.crt0           0x0000000002000800      0x300
                0x0000000002000800                __text_start = .
 *(.crt0)
 .crt0          0x0000000002000800      0x300 c:/devkitpro/devkitarm/bin/../lib/gcc/arm-none-eabi/8.3.0/../../../../arm-none-eabi/lib/ds_arm9_crt0.o
                0x0000000002000800                _start
                0x0000000002000b00                . = ALIGN (0x4)

.plt
 *(.plt)

.init           0x0000000002000b00       0x18
 *(SORT_NONE(.init))
 .init          0x0000000002000b00        0xc c:/devkitpro/devkitarm/bin/../lib/gcc/arm-none-eabi/8.3.0/crti.o
                0x0000000002000b00                _init
 .init          0x0000000002000b0c        0xc c:/devkitpro/devkitarm/bin/../lib/gcc/arm-none-eabi/8.3.0/crtn.o

.text           0x0000000002000b18     0x3148
 *(EXCLUDE_FILE(*.twl* *.vectors* *.itcm*) .text)
 .text          0x0000000002000b18      0x50c main.o
                0x0000000002000b18                MoveSprite(Sprite*)
                0x0000000002000b48                initOAM()
                0x0000000002000b68                updateOAM()
                0x0000000002000b88                hsl2rgb(unsigned char, unsigned char, unsigned char)
                0x0000000002000c04                init()
                0x000000000200100c                updateInput(touchPosition*)
 .text          0x0000000002001024      0x148 c:/devkitpro/devkitarm/bin/../lib/gcc/arm-none-eabi/8.3.0\libgcc.a(_divsi3.o)
                0x0000000002001024                __divsi3
                0x0000000002001024                __aeabi_idiv
                0x000000000200114c                __aeabi_idivmod
 .text          0x000000000200116c        0x4 c:/devkitpro/devkitarm/bin/../lib/gcc/arm-none-eabi/8.3.0\libgcc.a(_dvmd_tls.o)
                0x000000000200116c                __aeabi_idiv0
                0x000000000200116c                __aeabi_ldiv0
 *(EXCLUDE_FILE(*.twl* *.vectors* *.itcm*) .stub)
 *(EXCLUDE_FILE(*.twl* *.vectors* *.itcm*) .text.*)
 .text.deregister_tm_clones
                0x0000000002001170       0x2c c:/devkitpro/devkitarm/bin/../lib/gcc/arm-none-eabi/8.3.0/crtbegin.o
 .text.register_tm_clones
                0x000000000200119c       0x38 c:/devkitpro/devkitarm/bin/../lib/gcc/arm-none-eabi/8.3.0/crtbegin.o
 .text.__do_global_dtors_aux
                0x00000000020011d4       0x44 c:/devkitpro/devkitarm/bin/../lib/gcc/arm-none-eabi/8.3.0/crtbegin.o
 .text.frame_dummy
                0x0000000002001218       0x34 c:/devkitpro/devkitarm/bin/../lib/gcc/arm-none-eabi/8.3.0/crtbegin.o
 .text.startup  0x000000000200124c      0x100 main.o
                0x000000000200124c                main
 .text.checkIfText.part.0
                0x000000000200134c       0x40 C:/devkitPro/libnds/lib\libnds9.a(background.o)
 .text.bgUpdate
                0x000000000200138c      0x104 C:/devkitPro/libnds/lib\libnds9.a(background.o)
                0x000000000200138c                bgUpdate
 .text.bgInit_call
                0x0000000002001490      0x110 C:/devkitPro/libnds/lib\libnds9.a(background.o)
                0x0000000002001490                bgInit_call
 .text.vramSetPrimaryBanks
                0x00000000020015a0       0x44 C:/devkitPro/libnds/lib\libnds9.a(video.o)
                0x00000000020015a0                vramSetPrimaryBanks
 .text.vramDefault
                0x00000000020015e4       0xd0 C:/devkitPro/libnds/lib\libnds9.a(video.o)
                0x00000000020015e4                vramDefault
 .text.touchRead
                0x00000000020016b4       0x24 C:/devkitPro/libnds/lib\libnds9.a(touch.o)
                0x00000000020016b4                touchRead
 .text.loadPCX  0x00000000020016d8      0x194 C:/devkitPro/libnds/lib\libnds9.a(pcx.o)
                0x00000000020016d8                loadPCX
 .text.sinLutLookup
                0x000000000200186c       0x3c C:/devkitPro/libnds/lib\libnds9.a(trig.o)
                0x000000000200186c                sinLutLookup
 .text.sinLerp  0x00000000020018a8       0x44 C:/devkitPro/libnds/lib\libnds9.a(trig.o)
                0x00000000020018a8                sinLerp
 .text.cosLerp  0x00000000020018ec       0x14 C:/devkitPro/libnds/lib\libnds9.a(trig.o)
                0x00000000020018ec                cosLerp
 .text.imageTileData
                0x0000000002001900       0xc8 C:/devkitPro/libnds/lib\libnds9.a(image.o)
                0x0000000002001900                imageTileData
 .text.scanKeys
                0x00000000020019c8       0x8c C:/devkitPro/libnds/lib\libnds9.a(keys.o)
                0x00000000020019c8                scanKeys
 .text.keysDown
                0x0000000002001a54       0x14 C:/devkitPro/libnds/lib\libnds9.a(keys.o)
                0x0000000002001a54                keysDown
 .text.initSystem
                0x0000000002001a68      0x198 C:/devkitPro/libnds/lib\libnds9.a(initSystem.o)
                0x0000000002001a68                initSystem
 .text.__libnds_gtod
                0x0000000002001c00       0x28 C:/devkitPro/libnds/lib\libnds9.a(timeSupport.o)
                0x0000000002001c00                __libnds_gtod
 .text.irqDummy
                0x0000000002001c28        0x4 C:/devkitPro/libnds/lib\libnds9.a(interrupts.o)
                0x0000000002001c28                irqDummy
 .text.irqSet   0x0000000002001c2c       0x6c C:/devkitPro/libnds/lib\libnds9.a(interrupts.o)
                0x0000000002001c2c                irqSet
 .text.irqInit  0x0000000002001c98       0x50 C:/devkitPro/libnds/lib\libnds9.a(interrupts.o)
                0x0000000002001c98                irqInit
 .text.irqEnable
                0x0000000002001ce8       0x64 C:/devkitPro/libnds/lib\libnds9.a(interrupts.o)
                0x0000000002001ce8                irqEnable
 .text.systemErrorExit
                0x0000000002001d4c        0x4 C:/devkitPro/libnds/lib\libnds9.a(libnds_exit.arm.o)
                0x0000000002001d4c                systemErrorExit
 .text.__libnds_exit
                0x0000000002001d50       0x5c C:/devkitPro/libnds/lib\libnds9.a(libnds_exit.arm.o)
                0x0000000002001d50                __libnds_exit
 .text.fifo_waitBlock
                0x0000000002001dac       0x80 C:/devkitPro/libnds/lib\libnds9.a(fifosystem.o)
 .text.fifo_queueBlock
                0x0000000002001e2c       0x40 C:/devkitPro/libnds/lib\libnds9.a(fifosystem.o)
 .text.fifoInternalSendInterrupt
                0x0000000002001e6c       0xac C:/devkitPro/libnds/lib\libnds9.a(fifosystem.o)
 .text.fifoInternalSend.part.2
                0x0000000002001f18       0xd4 C:/devkitPro/libnds/lib\libnds9.a(fifosystem.o)
 .text.fifoGetValue32.part.3
                0x0000000002001fec       0x74 C:/devkitPro/libnds/lib\libnds9.a(fifosystem.o)
 .text.fifoSetValue32Handler
                0x0000000002002060       0x78 C:/devkitPro/libnds/lib\libnds9.a(fifosystem.o)
                0x0000000002002060                fifoSetValue32Handler
 .text.fifoSendValue32
                0x00000000020020d8       0x4c C:/devkitPro/libnds/lib\libnds9.a(fifosystem.o)
                0x00000000020020d8                fifoSendValue32
 .text.fifoGetDatamsg
                0x0000000002002124      0x138 C:/devkitPro/libnds/lib\libnds9.a(fifosystem.o)
                0x0000000002002124                fifoGetDatamsg
 .text.fifoInternalRecvInterrupt
                0x000000000200225c      0x3dc C:/devkitPro/libnds/lib\libnds9.a(fifosystem.o)
 .text.fifoSetDatamsgHandler
                0x0000000002002638       0x9c C:/devkitPro/libnds/lib\libnds9.a(fifosystem.o)
                0x0000000002002638                fifoSetDatamsgHandler
 .text.fifoInit
                0x00000000020026d4      0x104 C:/devkitPro/libnds/lib\libnds9.a(fifosystem.o)
                0x00000000020026d4                fifoInit
 .text.__libnds_mpu_setup
                0x00000000020027d8      0x174 C:/devkitPro/libnds/lib\libnds9.a(mpu_setup.o)
                0x00000000020027d8                __libnds_mpu_setup
 .text.memUncached
                0x000000000200294c       0x20 C:/devkitPro/libnds/lib\libnds9.a(mpu_setup.o)
                0x000000000200294c                memUncached
 .text.swiWaitForVBlank
                0x000000000200296c        0x8 C:/devkitPro/libnds/lib\libnds9.a(IntrWait.o)
                0x000000000200296c                swiWaitForVBlank
 .text.swiIntrWait
                0x0000000002002974       0x70 C:/devkitPro/libnds/lib\libnds9.a(IntrWait.o)
                0x0000000002002974                swiIntrWait
 .text.setCpuClock
                0x00000000020029e4       0x50 C:/devkitPro/libnds/lib\libnds9.a(cpu_clock.o)
                0x00000000020029e4                setCpuClock
 .text.swiSoftReset
                0x0000000002002a34       0x2c C:/devkitPro/libnds/lib\libnds9.a(swiSoftReset.o)
                0x0000000002002a34                swiSoftReset
 .text.systemValueHandler
                0x0000000002002a60       0x48 C:/devkitPro/libnds/lib\libnds9.a(system.o)
                0x0000000002002a60                systemValueHandler
 .text.systemMsgHandler
                0x0000000002002aa8       0x5c C:/devkitPro/libnds/lib\libnds9.a(system.o)
                0x0000000002002aa8                systemMsgHandler
 .text.powerOn  0x0000000002002b04       0x2c C:/devkitPro/libnds/lib\libnds9.a(system.o)
                0x0000000002002b04                powerOn
 .text.swiDelay
                0x0000000002002b30        0x4 C:/devkitPro/libnds/lib\libnds9.a(biosCalls.o)
                0x0000000002002b30                swiDelay
 .text.__libc_init_array
                0x0000000002002b34       0x88 c:/devkitpro/devkitarm/bin/../lib/gcc/arm-none-eabi/8.3.0/../../../../arm-none-eabi/lib\libg.a(lib_a-init.o)
                0x0000000002002b34                __libc_init_array
 .text.malloc   0x0000000002002bbc       0x1c c:/devkitpro/devkitarm/bin/../lib/gcc/arm-none-eabi/8.3.0/../../../../arm-none-eabi/lib\libg.a(lib_a-malloc.o)
                0x0000000002002bbc                malloc
 .text.free     0x0000000002002bd8       0x1c c:/devkitpro/devkitarm/bin/../lib/gcc/arm-none-eabi/8.3.0/../../../../arm-none-eabi/lib\libg.a(lib_a-malloc.o)
                0x0000000002002bd8                free
 .text._malloc_r
                0x0000000002002bf4      0x7d4 c:/devkitpro/devkitarm/bin/../lib/gcc/arm-none-eabi/8.3.0/../../../../arm-none-eabi/lib\libg.a(lib_a-mallocr.o)
                0x0000000002002bf4                _malloc_r
 .text.memcpy   0x00000000020033c8      0x11c c:/devkitpro/devkitarm/bin/../lib/gcc/arm-none-eabi/8.3.0/../../../../arm-none-eabi/lib\libg.a(lib_a-memcpy-stub.o)
                0x00000000020033c8                memcpy
 .text.memset   0x00000000020034e4      0x118 c:/devkitpro/devkitarm/bin/../lib/gcc/arm-none-eabi/8.3.0/../../../../arm-none-eabi/lib\libg.a(lib_a-memset.o)
                0x00000000020034e4                memset
 .text.__malloc_lock
                0x00000000020035fc       0x18 c:/devkitpro/devkitarm/bin/../lib/gcc/arm-none-eabi/8.3.0/../../../../arm-none-eabi/lib\libg.a(lib_a-mlock.o)
                0x00000000020035fc                __malloc_lock
 .text.__malloc_unlock
                0x0000000002003614       0x18 c:/devkitpro/devkitarm/bin/../lib/gcc/arm-none-eabi/8.3.0/../../../../arm-none-eabi/lib\libg.a(lib_a-mlock.o)
                0x0000000002003614                __malloc_unlock
 .text.rand     0x000000000200362c       0x4c c:/devkitpro/devkitarm/bin/../lib/gcc/arm-none-eabi/8.3.0/../../../../arm-none-eabi/lib\libg.a(lib_a-rand.o)
                0x000000000200362c                rand
 .text._malloc_trim_r
                0x0000000002003678      0x100 c:/devkitpro/devkitarm/bin/../lib/gcc/arm-none-eabi/8.3.0/../../../../arm-none-eabi/lib\libg.a(lib_a-freer.o)
                0x0000000002003678                _malloc_trim_r
 .text._free_r  0x0000000002003778      0x2e0 c:/devkitpro/devkitarm/bin/../lib/gcc/arm-none-eabi/8.3.0/../../../../arm-none-eabi/lib\libg.a(lib_a-freer.o)
                0x0000000002003778                _free_r
 .text._sbrk_r  0x0000000002003a58       0x74 c:/devkitpro/devkitarm/bin/../lib/gcc/arm-none-eabi/8.3.0/../../../../arm-none-eabi/lib\libsysbase.a(sbrk.o)
                0x0000000002003a58                _sbrk_r
 .text.build_argv
                0x0000000002003acc       0x80 c:/devkitpro/devkitarm/bin/../lib/gcc/arm-none-eabi/8.3.0/../../../../arm-none-eabi/lib\libsysbase.a(build_argv.o)
                0x0000000002003acc                build_argv
 .text.__libc_lock_acquire_recursive
                0x0000000002003b4c       0x18 c:/devkitpro/devkitarm/bin/../lib/gcc/arm-none-eabi/8.3.0/../../../../arm-none-eabi/lib\libsysbase.a(syscall_support.o)
                0x0000000002003b4c                __libc_lock_acquire_recursive
 .text.__libc_lock_release_recursive
                0x0000000002003b64       0x18 c:/devkitpro/devkitarm/bin/../lib/gcc/arm-none-eabi/8.3.0/../../../../arm-none-eabi/lib\libsysbase.a(syscall_support.o)
                0x0000000002003b64                __libc_lock_release_recursive
 .text.__getreent
                0x0000000002003b7c       0x24 c:/devkitpro/devkitarm/bin/../lib/gcc/arm-none-eabi/8.3.0/../../../../arm-none-eabi/lib\libsysbase.a(getreent.o)
                0x0000000002003b7c                __getreent
 .text.__getreent.__stub
                0x0000000002003ba0       0xa0 linker stubs
 *(EXCLUDE_FILE(*.twl*) .gnu.warning)
 *(EXCLUDE_FILE(*.twl*) .gnu.linkonce.t*)
 *(.glue_7)
 .glue_7        0x0000000002003c60        0x0 linker stubs
 *(.glue_7t)
 .glue_7t       0x0000000002003c60        0x0 linker stubs
                0x0000000002003c60                . = ALIGN (0x4)

.vfp11_veneer   0x0000000002003c60        0x0
 .vfp11_veneer  0x0000000002003c60        0x0 linker stubs

.v4_bx          0x0000000002003c60        0x0
 .v4_bx         0x0000000002003c60        0x0 linker stubs

.iplt           0x0000000002003c60        0x0
 .iplt          0x0000000002003c60        0x0 c:/devkitpro/devkitarm/bin/../lib/gcc/arm-none-eabi/8.3.0/../../../../arm-none-eabi/lib/ds_arm9_crt0.o

.fini           0x0000000002003c60       0x18
 *(.fini)
 .fini          0x0000000002003c60        0xc c:/devkitpro/devkitarm/bin/../lib/gcc/arm-none-eabi/8.3.0/crti.o
                0x0000000002003c60                _fini
 .fini          0x0000000002003c6c        0xc c:/devkitpro/devkitarm/bin/../lib/gcc/arm-none-eabi/8.3.0/crtn.o
                0x0000000002003c78                __text_end = .

.rodata         0x0000000002003c78     0x531c
 *(EXCLUDE_FILE(*.twl*) .rodata)
 .rodata        0x0000000002003c78     0x233c cielo.pcx.o
                0x0000000002003c78                cielo_pcx
                0x0000000002005fad                cielo_pcx_end
                0x0000000002005fb0                cielo_pcx_size
 .rodata        0x0000000002005fb4      0x78c ball.pcx.o
                0x0000000002005fb4                ball_pcx
                0x0000000002006739                ball_pcx_end
                0x000000000200673c                ball_pcx_size
 .rodata        0x0000000002006740     0x21cc playa.pcx.o
                0x0000000002006740                playa_pcx
                0x0000000002008907                playa_pcx_end
                0x0000000002008908                playa_pcx_size
 .rodata        0x000000000200890c      0x584 bouncer.pcx.o
                0x000000000200890c                bouncer_pcx
                0x0000000002008e8b                bouncer_pcx_end
                0x0000000002008e8c                bouncer_pcx_size
 *all.rodata*(*)
 *(EXCLUDE_FILE(*.twl*) .roda)
 *(EXCLUDE_FILE(*.twl*) .rodata.*)
 .rodata.SIN_LUT
                0x0000000002008e90      0x102 C:/devkitPro/libnds/lib\libnds9.a(trig.o)
                0x0000000002008e90                SIN_LUT
 *(EXCLUDE_FILE(*.twl*) .gnu.linkonce.r*)
                0x0000000002008f94                . = ALIGN (0x4)
 *fill*         0x0000000002008f92        0x2 ff

.ARM.extab
 *(.ARM.extab* .gnu.linkonce.armextab.*)
                0x0000000002008f94                __exidx_start = .

ARM.exidx
 *(.ARM.exidx* .gnu.linkonce.armexidx.*)
                0x0000000002008f94                __exidx_end = .
                0x0000000002008f94                . = ALIGN (0x4)
                0x0000000002008f94                PROVIDE (__preinit_array_start = .)

.preinit_array
 *(.preinit_array)
                0x0000000002008f94                PROVIDE (__preinit_array_end = .)
                0x0000000002008f94                PROVIDE (__init_array_start = .)

.init_array     0x0000000002008f94        0x4
 *(SORT_BY_NAME(.init_array.*))
 *(.init_array)
 .init_array    0x0000000002008f94        0x4 c:/devkitpro/devkitarm/bin/../lib/gcc/arm-none-eabi/8.3.0/crtbegin.o
                0x0000000002008f98                PROVIDE (__init_array_end = .)
                [!provide]                        PROVIDE (__fini_array_start = .)

.fini_array     0x0000000002008f98        0x4
 *(.fini_array)
 .fini_array    0x0000000002008f98        0x4 c:/devkitpro/devkitarm/bin/../lib/gcc/arm-none-eabi/8.3.0/crtbegin.o
 *(SORT_BY_NAME(.fini_array.*))
                [!provide]                        PROVIDE (__fini_array_end = .)

.ctors          0x0000000002008f9c        0x0
 *crtbegin.o(.ctors)
 *(EXCLUDE_FILE(*crtend.o) .ctors)
 *(SORT_BY_NAME(.ctors.*))
 *(.ctors)
                0x0000000002008f9c                . = ALIGN (0x4)

.dtors          0x0000000002008f9c        0x0
 *crtbegin.o(.dtors)
 *(EXCLUDE_FILE(*crtend.o) .dtors)
 *(SORT_BY_NAME(.dtors.*))
 *(.dtors)
                0x0000000002008f9c                . = ALIGN (0x4)

.eh_frame       0x0000000002008f9c        0x4
 *(.eh_frame)
 .eh_frame      0x0000000002008f9c        0x0 c:/devkitpro/devkitarm/bin/../lib/gcc/arm-none-eabi/8.3.0/crtbegin.o
 .eh_frame      0x0000000002008f9c        0x4 c:/devkitpro/devkitarm/bin/../lib/gcc/arm-none-eabi/8.3.0/crtend.o
                0x0000000002008fa0                . = ALIGN (0x4)

.rel.dyn        0x0000000002008fa0        0x0
 .rel.iplt      0x0000000002008fa0        0x0 c:/devkitpro/devkitarm/bin/../lib/gcc/arm-none-eabi/8.3.0/../../../../arm-none-eabi/lib/ds_arm9_crt0.o

.gcc_except_table
                0x0000000002008fa0        0x0
 *(.gcc_except_table)
                0x0000000002008fa0                . = ALIGN (0x4)

.jcr
 *(.jcr)

.got
 *(.got.plt)
 *(.got)
 *(.rel.got)

.ewram          0x0000000002008fa0        0x0
                0x0000000002008fa0                __ewram_start = ABSOLUTE (.)
 *(.ewram)
 *ewram.*(.text)
                0x0000000002008fa0                . = ALIGN (0x4)

.data           0x0000000002008fa0      0x920
                0x0000000002008fa0                __data_start = ABSOLUTE (.)
 *(EXCLUDE_FILE(*.twl*) .data)
 .data          0x0000000002008fa0       0x28 C:/devkitPro/libnds/lib\libnds9.a(mpu_setup.o)
 *(EXCLUDE_FILE(*.twl*) .data.*)
 .data.bgControl
                0x0000000002008fc8       0x20 C:/devkitPro/libnds/lib\libnds9.a(background.o)
                0x0000000002008fc8                bgControl
 .data.bgScrollTable
                0x0000000002008fe8       0x20 C:/devkitPro/libnds/lib\libnds9.a(background.o)
                0x0000000002008fe8                bgScrollTable
 .data.bgTransform
                0x0000000002009008       0x20 C:/devkitPro/libnds/lib\libnds9.a(background.o)
                0x0000000002009008                bgTransform
 .data.count    0x0000000002009028        0x1 C:/devkitPro/libnds/lib\libnds9.a(keys.o)
 .data.delay    0x0000000002009029        0x1 C:/devkitPro/libnds/lib\libnds9.a(keys.o)
 .data.repeat   0x000000000200902a        0x1 C:/devkitPro/libnds/lib\libnds9.a(keys.o)
 *fill*         0x000000000200902b        0x1 ff
 .data.fifo_buffer_free
                0x000000000200902c        0x4 C:/devkitPro/libnds/lib\libnds9.a(fifosystem.o)
                0x000000000200902c                fifo_buffer_free
 .data.fifo_freewords
                0x0000000002009030        0x4 C:/devkitPro/libnds/lib\libnds9.a(fifosystem.o)
                0x0000000002009030                fifo_freewords
 .data.fifo_receive_queue
                0x0000000002009034        0x4 C:/devkitPro/libnds/lib\libnds9.a(fifosystem.o)
                0x0000000002009034                fifo_receive_queue
 .data.fifo_send_queue
                0x0000000002009038        0x4 C:/devkitPro/libnds/lib\libnds9.a(fifosystem.o)
                0x0000000002009038                fifo_send_queue
 .data.__malloc_av_
                0x000000000200903c      0x408 c:/devkitpro/devkitarm/bin/../lib/gcc/arm-none-eabi/8.3.0/../../../../arm-none-eabi/lib\libg.a(lib_a-mallocr.o)
                0x000000000200903c                __malloc_av_
 .data.__malloc_sbrk_base
                0x0000000002009444        0x4 c:/devkitpro/devkitarm/bin/../lib/gcc/arm-none-eabi/8.3.0/../../../../arm-none-eabi/lib\libg.a(lib_a-mallocr.o)
                0x0000000002009444                __malloc_sbrk_base
 .data.__malloc_trim_threshold
                0x0000000002009448        0x4 c:/devkitpro/devkitarm/bin/../lib/gcc/arm-none-eabi/8.3.0/../../../../arm-none-eabi/lib\libg.a(lib_a-mallocr.o)
                0x0000000002009448                __malloc_trim_threshold
 .data.__malloc_recursive_mutex
                0x000000000200944c        0xc c:/devkitpro/devkitarm/bin/../lib/gcc/arm-none-eabi/8.3.0/../../../../arm-none-eabi/lib\libg.a(lib_a-mlock.o)
 .data._impure_ptr
                0x0000000002009458        0x4 c:/devkitpro/devkitarm/bin/../lib/gcc/arm-none-eabi/8.3.0/../../../../arm-none-eabi/lib\libg.a(lib_a-impure.o)
                0x0000000002009458                _impure_ptr
 *fill*         0x000000000200945c        0x4 ff
 .data.impure_data
                0x0000000002009460      0x460 c:/devkitpro/devkitarm/bin/../lib/gcc/arm-none-eabi/8.3.0/../../../../arm-none-eabi/lib\libg.a(lib_a-impure.o)
 *(EXCLUDE_FILE(*.twl*) .gnu.linkonce.d*)
                0x00000000020098c0                . = ALIGN (0x4)
                0x00000000020098c0                __data_end = ABSOLUTE (.)
                0x00000000020098c0                __bss_vma = .

.igot.plt       0x00000000020098c0        0x0
 .igot.plt      0x00000000020098c0        0x0 c:/devkitpro/devkitarm/bin/../lib/gcc/arm-none-eabi/8.3.0/../../../../arm-none-eabi/lib/ds_arm9_crt0.o

.tm_clone_table
                0x00000000020098c0        0x0
 .tm_clone_table
                0x00000000020098c0        0x0 c:/devkitpro/devkitarm/bin/../lib/gcc/arm-none-eabi/8.3.0/crtbegin.o
 .tm_clone_table
                0x00000000020098c0        0x0 c:/devkitpro/devkitarm/bin/../lib/gcc/arm-none-eabi/8.3.0/crtend.o

.dtcm           0x000000000b000000        0x0 load address 0x00000000020098c0
                0x00000000020098c0                __dtcm_lma = LOADADDR (.dtcm)
                0x000000000b000000                __dtcm_start = ABSOLUTE (.)
 *(.dtcm)
 *(.dtcm.*)
                0x000000000b000000                . = ALIGN (0x4)
                0x000000000b000000                __dtcm_end = ABSOLUTE (.)

.itcm           0x0000000001000100      0x194 load address 0x00000000020098c0
                0x00000000020098c0                __itcm_lma = LOADADDR (.itcm)
                0x0000000001000100                __itcm_start = ABSOLUTE (.)
 *(.itcm)
 .itcm          0x0000000001000100       0xc8 C:/devkitPro/libnds/lib\libnds9.a(interrupts.o)
                0x0000000001000100                irqTable
 .itcm          0x00000000010001c8       0xcc C:/devkitPro/libnds/lib\libnds9.a(interruptDispatcher.o)
                0x00000000010001c8                IntrMain
 *.itcm*(.text .stub .text.*)
                0x0000000001000294                . = ALIGN (0x4)
                0x0000000001000294                __itcm_end = ABSOLUTE (.)

.vectors        0x0000000001000000        0x0 load address 0x0000000002009a54
                0x0000000002009a54                __vectors_lma = LOADADDR (.vectors)
                0x0000000001000000                __vectors_start = ABSOLUTE (.)
 *(.vectors .vectors.*)
                0x0000000001000000                . = ALIGN (0x4)
                0x0000000001000000                __vectors_end = ABSOLUTE (.)

.sbss           0x000000000b000000        0x0
                0x000000000b000000                __sbss_start = ABSOLUTE (.)
                0x000000000b000000                __sbss_start__ = ABSOLUTE (.)
 *(.sbss)
                0x000000000b000000                . = ALIGN (0x4)
                0x000000000b000000                __sbss_end = ABSOLUTE (.)

.bss            0x00000000020098c0     0x13a0
                0x00000000020098c0                __bss_start = ABSOLUTE (.)
                0x00000000020098c0                __bss_start__ = ABSOLUTE (.)
 *(EXCLUDE_FILE(*.twl*) .dynbss)
 *(EXCLUDE_FILE(*.twl*) .gnu.linkonce.b*)
 *(EXCLUDE_FILE(*.twl*) .bss*)
 .bss.completed.9044
                0x00000000020098c0        0x1 c:/devkitpro/devkitarm/bin/../lib/gcc/arm-none-eabi/8.3.0/crtbegin.o
 *fill*         0x00000000020098c1        0x3 
 .bss.object.9049
                0x00000000020098c4       0x18 c:/devkitpro/devkitarm/bin/../lib/gcc/arm-none-eabi/8.3.0/crtbegin.o
 .bss           0x00000000020098dc      0x75c main.o
                0x00000000020098dc                OAMCopySub
                0x0000000002009cdc                i
                0x0000000002009ce0                sprites
                0x0000000002009cf8                touch
                0x0000000002009d04                iy
                0x0000000002009d08                ix
                0x0000000002009d0c                delta
                0x0000000002009d10                y
                0x0000000002009d14                x
                0x0000000002009d18                pointsList
 .bss.keys      0x000000000200a038        0x2 C:/devkitPro/libnds/lib\libnds9.a(keys.o)
 .bss.keysold   0x000000000200a03a        0x2 C:/devkitPro/libnds/lib\libnds9.a(keys.o)
 .bss.keysrepeat
                0x000000000200a03c        0x2 C:/devkitPro/libnds/lib\libnds9.a(keys.o)
 *fill*         0x000000000200a03e        0x2 
 .bss.processing
                0x000000000200a040        0x4 C:/devkitPro/libnds/lib\libnds9.a(fifosystem.o)
                0x000000000200a040                processing
 .bss.SDcallback
                0x000000000200a044        0x4 C:/devkitPro/libnds/lib\libnds9.a(system.o)
 .bss.__malloc_current_mallinfo
                0x000000000200a048       0x28 c:/devkitpro/devkitarm/bin/../lib/gcc/arm-none-eabi/8.3.0/../../../../arm-none-eabi/lib\libg.a(lib_a-mallocr.o)
                0x000000000200a048                __malloc_current_mallinfo
 .bss.__malloc_max_sbrked_mem
                0x000000000200a070        0x4 c:/devkitpro/devkitarm/bin/../lib/gcc/arm-none-eabi/8.3.0/../../../../arm-none-eabi/lib\libg.a(lib_a-mallocr.o)
                0x000000000200a070                __malloc_max_sbrked_mem
 .bss.__malloc_max_total_mem
                0x000000000200a074        0x4 c:/devkitpro/devkitarm/bin/../lib/gcc/arm-none-eabi/8.3.0/../../../../arm-none-eabi/lib\libg.a(lib_a-mallocr.o)
                0x000000000200a074                __malloc_max_total_mem
 .bss.__malloc_top_pad
                0x000000000200a078        0x4 c:/devkitpro/devkitarm/bin/../lib/gcc/arm-none-eabi/8.3.0/../../../../arm-none-eabi/lib\libg.a(lib_a-mallocr.o)
                0x000000000200a078                __malloc_top_pad
 .bss.heap_start.6107
                0x000000000200a07c        0x4 c:/devkitpro/devkitarm/bin/../lib/gcc/arm-none-eabi/8.3.0/../../../../arm-none-eabi/lib\libsysbase.a(sbrk.o)
 .bss.fake_heap_end
                0x000000000200a080        0x4 c:/devkitpro/devkitarm/bin/../lib/gcc/arm-none-eabi/8.3.0/../../../../arm-none-eabi/lib\libsysbase.a(malloc_vars.o)
                0x000000000200a080                fake_heap_end
 .bss.fake_heap_start
                0x000000000200a084        0x4 c:/devkitpro/devkitarm/bin/../lib/gcc/arm-none-eabi/8.3.0/../../../../arm-none-eabi/lib\libsysbase.a(malloc_vars.o)
                0x000000000200a084                fake_heap_start
 .bss.__syscalls
                0x000000000200a088       0x48 c:/devkitpro/devkitarm/bin/../lib/gcc/arm-none-eabi/8.3.0/../../../../arm-none-eabi/lib\libsysbase.a(syscall_support.o)
                0x000000000200a088                __syscalls
 *(EXCLUDE_FILE(*.twl*) COMMON)
 COMMON         0x000000000200a0d0      0x148 C:/devkitPro/libnds/lib\libnds9.a(background.o)
                0x000000000200a0d0                bgState
                0x000000000200a210                bgIsTextLut
 COMMON         0x000000000200a218        0x1 C:/devkitPro/libnds/lib\libnds9.a(initSystem.o)
                0x000000000200a218                __dsimode
 *fill*         0x000000000200a219        0x3 
 COMMON         0x000000000200a21c        0x4 C:/devkitPro/libnds/lib\libnds9.a(timeSupport.o)
                0x000000000200a21c                punixTime
 COMMON         0x000000000200a220      0xa40 C:/devkitPro/libnds/lib\libnds9.a(fifosystem.o)
                0x000000000200a220                fifo_datamsg_data
                0x000000000200a260                fifo_buffer
                0x000000000200aa60                fifo_value32_func
                0x000000000200aaa0                fifo_address_func
                0x000000000200aae0                fifo_value32_data
                0x000000000200ab20                fifo_value32_queue
                0x000000000200ab60                fifo_data_queue
                0x000000000200aba0                fifo_address_data
                0x000000000200abe0                fifo_datamsg_func
                0x000000000200ac20                fifo_address_queue
                0x000000000200ac60                . = ALIGN (0x4)
                0x000000000200ac60                __bss_end__ = ABSOLUTE (.)
                0x000000000200ac60                __end__ = ABSOLUTE (.)

.twl            0x000000000200ac60        0x0 load address 0x0000000002400000
                0x0000000002400000                __arm9i_lma__ = LOADADDR (.twl)
                0x000000000200ac60                __arm9i_start__ = ABSOLUTE (.)
 *(.twl)
 *.twl*(.text .stub .text.* .gnu.linkonce.t.*)
 *.twl*(.rodata)
 *.twl*(.roda)
 *.twl*(.rodata.*)
 *.twl*(.data)
 *.twl*(.data.*)
 *.twl*(.gnu.linkonce.d*)
                0x000000000200ac60                __arm9i_end__ = ABSOLUTE (.)

.twl_bss        0x000000000200ac60        0x0
                0x000000000200ac60                __twl_bss_start__ = ABSOLUTE (.)
 *(.twl_bss)
 *.twl*(.dynbss)
 *.twl*(.gnu.linkonce.b*)
 *.twl*(.bss*)
 *.twl*(COMMON)
                0x000000000200ac60                . = ALIGN (0x4)
                0x000000000200ac60                __twl_bss_end__ = ABSOLUTE (.)
                0x000000000200ac60                __twl_end__ = ABSOLUTE (.)

.stab
 *(.stab)

.stabstr
 *(.stabstr)

.stab.excl
 *(.stab.excl)

.stab.exclstr
 *(.stab.exclstr)

.stab.index
 *(.stab.index)

.stab.indexstr
 *(.stab.indexstr)

.comment        0x0000000000000000       0x44
 *(.comment)
 .comment       0x0000000000000000       0x22 c:/devkitpro/devkitarm/bin/../lib/gcc/arm-none-eabi/8.3.0/crtbegin.o
                                         0x23 (size before relaxing)
 .comment       0x0000000000000022       0x23 main.o
 .comment       0x0000000000000022       0x22 C:/devkitPro/libnds/lib\libnds9.a(background.o)
                                         0x23 (size before relaxing)
 .comment       0x0000000000000044       0x23 C:/devkitPro/libnds/lib\libnds9.a(video.o)
 .comment       0x0000000000000044       0x23 C:/devkitPro/libnds/lib\libnds9.a(touch.o)
 .comment       0x0000000000000044       0x23 C:/devkitPro/libnds/lib\libnds9.a(pcx.o)
 .comment       0x0000000000000044       0x23 C:/devkitPro/libnds/lib\libnds9.a(trig.o)
 .comment       0x0000000000000044       0x23 C:/devkitPro/libnds/lib\libnds9.a(image.o)
 .comment       0x0000000000000044       0x23 C:/devkitPro/libnds/lib\libnds9.a(keys.o)
 .comment       0x0000000000000044       0x23 C:/devkitPro/libnds/lib\libnds9.a(initSystem.o)
 .comment       0x0000000000000044       0x23 C:/devkitPro/libnds/lib\libnds9.a(timeSupport.o)
 .comment       0x0000000000000044       0x23 C:/devkitPro/libnds/lib\libnds9.a(securearea.o)
 .comment       0x0000000000000044       0x23 C:/devkitPro/libnds/lib\libnds9.a(interrupts.o)
 .comment       0x0000000000000044       0x23 C:/devkitPro/libnds/lib\libnds9.a(libnds_exit.arm.o)
 .comment       0x0000000000000044       0x23 C:/devkitPro/libnds/lib\libnds9.a(fifosystem.o)
 .comment       0x0000000000000044       0x23 C:/devkitPro/libnds/lib\libnds9.a(system.o)
 .comment       0x0000000000000044       0x23 c:/devkitpro/devkitarm/bin/../lib/gcc/arm-none-eabi/8.3.0/../../../../arm-none-eabi/lib\libg.a(lib_a-init.o)
 .comment       0x0000000000000044       0x23 c:/devkitpro/devkitarm/bin/../lib/gcc/arm-none-eabi/8.3.0/../../../../arm-none-eabi/lib\libg.a(lib_a-malloc.o)
 .comment       0x0000000000000044       0x23 c:/devkitpro/devkitarm/bin/../lib/gcc/arm-none-eabi/8.3.0/../../../../arm-none-eabi/lib\libg.a(lib_a-mallocr.o)
 .comment       0x0000000000000044       0x23 c:/devkitpro/devkitarm/bin/../lib/gcc/arm-none-eabi/8.3.0/../../../../arm-none-eabi/lib\libg.a(lib_a-memcpy-stub.o)
 .comment       0x0000000000000044       0x23 c:/devkitpro/devkitarm/bin/../lib/gcc/arm-none-eabi/8.3.0/../../../../arm-none-eabi/lib\libg.a(lib_a-memset.o)
 .comment       0x0000000000000044       0x23 c:/devkitpro/devkitarm/bin/../lib/gcc/arm-none-eabi/8.3.0/../../../../arm-none-eabi/lib\libg.a(lib_a-mlock.o)
 .comment       0x0000000000000044       0x23 c:/devkitpro/devkitarm/bin/../lib/gcc/arm-none-eabi/8.3.0/../../../../arm-none-eabi/lib\libg.a(lib_a-rand.o)
 .comment       0x0000000000000044       0x23 c:/devkitpro/devkitarm/bin/../lib/gcc/arm-none-eabi/8.3.0/../../../../arm-none-eabi/lib\libg.a(lib_a-freer.o)
 .comment       0x0000000000000044       0x23 c:/devkitpro/devkitarm/bin/../lib/gcc/arm-none-eabi/8.3.0/../../../../arm-none-eabi/lib\libsysbase.a(sbrk.o)
 .comment       0x0000000000000044       0x23 c:/devkitpro/devkitarm/bin/../lib/gcc/arm-none-eabi/8.3.0/../../../../arm-none-eabi/lib\libsysbase.a(malloc_vars.o)
 .comment       0x0000000000000044       0x23 c:/devkitpro/devkitarm/bin/../lib/gcc/arm-none-eabi/8.3.0/../../../../arm-none-eabi/lib\libsysbase.a(build_argv.o)
 .comment       0x0000000000000044       0x23 c:/devkitpro/devkitarm/bin/../lib/gcc/arm-none-eabi/8.3.0/../../../../arm-none-eabi/lib\libsysbase.a(syscall_support.o)
 .comment       0x0000000000000044       0x23 c:/devkitpro/devkitarm/bin/../lib/gcc/arm-none-eabi/8.3.0/../../../../arm-none-eabi/lib\libsysbase.a(getreent.o)
 .comment       0x0000000000000044       0x23 c:/devkitpro/devkitarm/bin/../lib/gcc/arm-none-eabi/8.3.0/../../../../arm-none-eabi/lib\libg.a(lib_a-impure.o)
 .comment       0x0000000000000044       0x23 c:/devkitpro/devkitarm/bin/../lib/gcc/arm-none-eabi/8.3.0/crtend.o

.ARM.attributes
                0x0000000000000000       0x2d
 .ARM.attributes
                0x0000000000000000       0x21 c:/devkitpro/devkitarm/bin/../lib/gcc/arm-none-eabi/8.3.0/../../../../arm-none-eabi/lib/ds_arm9_crt0.o
 .ARM.attributes
                0x0000000000000021       0x1c c:/devkitpro/devkitarm/bin/../lib/gcc/arm-none-eabi/8.3.0/crti.o
 .ARM.attributes
                0x000000000000003d       0x2a c:/devkitpro/devkitarm/bin/../lib/gcc/arm-none-eabi/8.3.0/crtbegin.o
 .ARM.attributes
                0x0000000000000067       0x14 cielo.pcx.o
 .ARM.attributes
                0x000000000000007b       0x14 ball.pcx.o
 .ARM.attributes
                0x000000000000008f       0x14 playa.pcx.o
 .ARM.attributes
                0x00000000000000a3       0x14 bouncer.pcx.o
 .ARM.attributes
                0x00000000000000b7       0x2b main.o
 .ARM.attributes
                0x00000000000000e2       0x2b C:/devkitPro/libnds/lib\libnds9.a(background.o)
 .ARM.attributes
                0x000000000000010d       0x2b C:/devkitPro/libnds/lib\libnds9.a(video.o)
 .ARM.attributes
                0x0000000000000138       0x2b C:/devkitPro/libnds/lib\libnds9.a(touch.o)
 .ARM.attributes
                0x0000000000000163       0x2b C:/devkitPro/libnds/lib\libnds9.a(pcx.o)
 .ARM.attributes
                0x000000000000018e       0x2b C:/devkitPro/libnds/lib\libnds9.a(trig.o)
 .ARM.attributes
                0x00000000000001b9       0x2b C:/devkitPro/libnds/lib\libnds9.a(image.o)
 .ARM.attributes
                0x00000000000001e4       0x2b C:/devkitPro/libnds/lib\libnds9.a(keys.o)
 .ARM.attributes
                0x000000000000020f       0x2b C:/devkitPro/libnds/lib\libnds9.a(initSystem.o)
 .ARM.attributes
                0x000000000000023a       0x2b C:/devkitPro/libnds/lib\libnds9.a(timeSupport.o)
 .ARM.attributes
                0x0000000000000265       0x2b C:/devkitPro/libnds/lib\libnds9.a(securearea.o)
 .ARM.attributes
                0x0000000000000290       0x2b C:/devkitPro/libnds/lib\libnds9.a(interrupts.o)
 .ARM.attributes
                0x00000000000002bb       0x2b C:/devkitPro/libnds/lib\libnds9.a(libnds_exit.arm.o)
 .ARM.attributes
                0x00000000000002e6       0x2b C:/devkitPro/libnds/lib\libnds9.a(fifosystem.o)
 .ARM.attributes
                0x0000000000000311       0x21 C:/devkitPro/libnds/lib\libnds9.a(mpu_setup.o)
 .ARM.attributes
                0x0000000000000332       0x21 C:/devkitPro/libnds/lib\libnds9.a(IntrWait.o)
 .ARM.attributes
                0x0000000000000353       0x21 C:/devkitPro/libnds/lib\libnds9.a(cpu_clock.o)
 .ARM.attributes
                0x0000000000000374       0x1b C:/devkitPro/libnds/lib\libnds9.a(interruptDispatcher.o)
 .ARM.attributes
                0x000000000000038f       0x21 C:/devkitPro/libnds/lib\libnds9.a(swiSoftReset.o)
 .ARM.attributes
                0x00000000000003b0       0x2b C:/devkitPro/libnds/lib\libnds9.a(system.o)
 .ARM.attributes
                0x00000000000003db       0x1b C:/devkitPro/libnds/lib\libnds9.a(biosCalls.o)
 .ARM.attributes
                0x00000000000003f6       0x1c c:/devkitpro/devkitarm/bin/../lib/gcc/arm-none-eabi/8.3.0\libgcc.a(_divsi3.o)
 .ARM.attributes
                0x0000000000000412       0x1c c:/devkitpro/devkitarm/bin/../lib/gcc/arm-none-eabi/8.3.0\libgcc.a(_dvmd_tls.o)
 .ARM.attributes
                0x000000000000042e       0x2a c:/devkitpro/devkitarm/bin/../lib/gcc/arm-none-eabi/8.3.0/../../../../arm-none-eabi/lib\libg.a(lib_a-init.o)
 .ARM.attributes
                0x0000000000000458       0x2a c:/devkitpro/devkitarm/bin/../lib/gcc/arm-none-eabi/8.3.0/../../../../arm-none-eabi/lib\libg.a(lib_a-malloc.o)
 .ARM.attributes
                0x0000000000000482       0x2a c:/devkitpro/devkitarm/bin/../lib/gcc/arm-none-eabi/8.3.0/../../../../arm-none-eabi/lib\libg.a(lib_a-mallocr.o)
 .ARM.attributes
                0x00000000000004ac       0x2a c:/devkitpro/devkitarm/bin/../lib/gcc/arm-none-eabi/8.3.0/../../../../arm-none-eabi/lib\libg.a(lib_a-memcpy-stub.o)
 .ARM.attributes
                0x00000000000004d6       0x2a c:/devkitpro/devkitarm/bin/../lib/gcc/arm-none-eabi/8.3.0/../../../../arm-none-eabi/lib\libg.a(lib_a-memset.o)
 .ARM.attributes
                0x0000000000000500       0x2a c:/devkitpro/devkitarm/bin/../lib/gcc/arm-none-eabi/8.3.0/../../../../arm-none-eabi/lib\libg.a(lib_a-mlock.o)
 .ARM.attributes
                0x000000000000052a       0x2a c:/devkitpro/devkitarm/bin/../lib/gcc/arm-none-eabi/8.3.0/../../../../arm-none-eabi/lib\libg.a(lib_a-rand.o)
 .ARM.attributes
                0x0000000000000554       0x2a c:/devkitpro/devkitarm/bin/../lib/gcc/arm-none-eabi/8.3.0/../../../../arm-none-eabi/lib\libg.a(lib_a-freer.o)
 .ARM.attributes
                0x000000000000057e       0x2a c:/devkitpro/devkitarm/bin/../lib/gcc/arm-none-eabi/8.3.0/../../../../arm-none-eabi/lib\libsysbase.a(sbrk.o)
 .ARM.attributes
                0x00000000000005a8       0x30 c:/devkitpro/devkitarm/bin/../lib/gcc/arm-none-eabi/8.3.0/../../../../arm-none-eabi/lib\libsysbase.a(malloc_vars.o)
 .ARM.attributes
                0x00000000000005d8       0x2a c:/devkitpro/devkitarm/bin/../lib/gcc/arm-none-eabi/8.3.0/../../../../arm-none-eabi/lib\libsysbase.a(build_argv.o)
 .ARM.attributes
                0x0000000000000602       0x2a c:/devkitpro/devkitarm/bin/../lib/gcc/arm-none-eabi/8.3.0/../../../../arm-none-eabi/lib\libsysbase.a(syscall_support.o)
 .ARM.attributes
                0x000000000000062c       0x2a c:/devkitpro/devkitarm/bin/../lib/gcc/arm-none-eabi/8.3.0/../../../../arm-none-eabi/lib\libsysbase.a(getreent.o)
 .ARM.attributes
                0x0000000000000656       0x30 c:/devkitpro/devkitarm/bin/../lib/gcc/arm-none-eabi/8.3.0/../../../../arm-none-eabi/lib\libg.a(lib_a-impure.o)
 .ARM.attributes
                0x0000000000000686       0x30 c:/devkitpro/devkitarm/bin/../lib/gcc/arm-none-eabi/8.3.0/crtend.o
 .ARM.attributes
                0x00000000000006b6       0x1c c:/devkitpro/devkitarm/bin/../lib/gcc/arm-none-eabi/8.3.0/crtn.o

.debug
 *(.debug)

.line
 *(.line)

.debug_srcinfo
 *(.debug_srcinfo)

.debug_sfnames
 *(.debug_sfnames)

.debug_aranges  0x0000000000000000      0x560
 *(.debug_aranges)
 .debug_aranges
                0x0000000000000000       0x28 main.o
 .debug_aranges
                0x0000000000000028       0x48 C:/devkitPro/libnds/lib\libnds9.a(background.o)
 .debug_aranges
                0x0000000000000070       0x48 C:/devkitPro/libnds/lib\libnds9.a(video.o)
 .debug_aranges
                0x00000000000000b8       0x28 C:/devkitPro/libnds/lib\libnds9.a(touch.o)
 .debug_aranges
                0x00000000000000e0       0x20 C:/devkitPro/libnds/lib\libnds9.a(pcx.o)
 .debug_aranges
                0x0000000000000100       0x60 C:/devkitPro/libnds/lib\libnds9.a(trig.o)
 .debug_aranges
                0x0000000000000160       0x40 C:/devkitPro/libnds/lib\libnds9.a(image.o)
 .debug_aranges
                0x00000000000001a0       0x50 C:/devkitPro/libnds/lib\libnds9.a(keys.o)
 .debug_aranges
                0x00000000000001f0       0x20 C:/devkitPro/libnds/lib\libnds9.a(initSystem.o)
 .debug_aranges
                0x0000000000000210       0x20 C:/devkitPro/libnds/lib\libnds9.a(timeSupport.o)
 .debug_aranges
                0x0000000000000230       0x18 C:/devkitPro/libnds/lib\libnds9.a(securearea.o)
 .debug_aranges
                0x0000000000000248       0x50 C:/devkitPro/libnds/lib\libnds9.a(interrupts.o)
 .debug_aranges
                0x0000000000000298       0x28 C:/devkitPro/libnds/lib\libnds9.a(libnds_exit.arm.o)
 .debug_aranges
                0x00000000000002c0       0xb8 C:/devkitPro/libnds/lib\libnds9.a(fifosystem.o)
 .debug_aranges
                0x0000000000000378       0x30 C:/devkitPro/libnds/lib\libnds9.a(mpu_setup.o)
 .debug_aranges
                0x00000000000003a8       0x28 C:/devkitPro/libnds/lib\libnds9.a(IntrWait.o)
 .debug_aranges
                0x00000000000003d0       0x20 C:/devkitPro/libnds/lib\libnds9.a(cpu_clock.o)
 .debug_aranges
                0x00000000000003f0       0x20 C:/devkitPro/libnds/lib\libnds9.a(interruptDispatcher.o)
 .debug_aranges
                0x0000000000000410       0x20 C:/devkitPro/libnds/lib\libnds9.a(swiSoftReset.o)
 .debug_aranges
                0x0000000000000430       0x68 C:/devkitPro/libnds/lib\libnds9.a(system.o)
 .debug_aranges
                0x0000000000000498       0xc8 C:/devkitPro/libnds/lib\libnds9.a(biosCalls.o)

.debug_pubnames
 *(.debug_pubnames)

.debug_info     0x0000000000000000    0x1050e
 *(.debug_info)
 .debug_info    0x0000000000000000     0x2db0 main.o
 .debug_info    0x0000000000002db0     0x1424 C:/devkitPro/libnds/lib\libnds9.a(background.o)
 .debug_info    0x00000000000041d4      0x7dd C:/devkitPro/libnds/lib\libnds9.a(video.o)
 .debug_info    0x00000000000049b1      0xd37 C:/devkitPro/libnds/lib\libnds9.a(touch.o)
 .debug_info    0x00000000000056e8      0xdee C:/devkitPro/libnds/lib\libnds9.a(pcx.o)
 .debug_info    0x00000000000064d6      0xf1f C:/devkitPro/libnds/lib\libnds9.a(trig.o)
 .debug_info    0x00000000000073f5      0xd90 C:/devkitPro/libnds/lib\libnds9.a(image.o)
 .debug_info    0x0000000000008185      0xe17 C:/devkitPro/libnds/lib\libnds9.a(keys.o)
 .debug_info    0x0000000000008f9c     0x1f13 C:/devkitPro/libnds/lib\libnds9.a(initSystem.o)
 .debug_info    0x000000000000aeaf      0xab7 C:/devkitPro/libnds/lib\libnds9.a(timeSupport.o)
 .debug_info    0x000000000000b966       0x59 C:/devkitPro/libnds/lib\libnds9.a(securearea.o)
 .debug_info    0x000000000000b9bf      0x735 C:/devkitPro/libnds/lib\libnds9.a(interrupts.o)
 .debug_info    0x000000000000c0f4      0xd29 C:/devkitPro/libnds/lib\libnds9.a(libnds_exit.arm.o)
 .debug_info    0x000000000000ce1d     0x2197 C:/devkitPro/libnds/lib\libnds9.a(fifosystem.o)
 .debug_info    0x000000000000efb4       0x22 C:/devkitPro/libnds/lib\libnds9.a(mpu_setup.o)
 .debug_info    0x000000000000efd6       0x22 C:/devkitPro/libnds/lib\libnds9.a(IntrWait.o)
 .debug_info    0x000000000000eff8       0x26 C:/devkitPro/libnds/lib\libnds9.a(cpu_clock.o)
 .debug_info    0x000000000000f01e       0x26 C:/devkitPro/libnds/lib\libnds9.a(interruptDispatcher.o)
 .debug_info    0x000000000000f044       0x26 C:/devkitPro/libnds/lib\libnds9.a(swiSoftReset.o)
 .debug_info    0x000000000000f06a     0x1482 C:/devkitPro/libnds/lib\libnds9.a(system.o)
 .debug_info    0x00000000000104ec       0x22 C:/devkitPro/libnds/lib\libnds9.a(biosCalls.o)

.debug_abbrev   0x0000000000000000     0x3030
 *(.debug_abbrev)
 .debug_abbrev  0x0000000000000000      0x686 main.o
 .debug_abbrev  0x0000000000000686      0x416 C:/devkitPro/libnds/lib\libnds9.a(background.o)
 .debug_abbrev  0x0000000000000a9c      0x254 C:/devkitPro/libnds/lib\libnds9.a(video.o)
 .debug_abbrev  0x0000000000000cf0      0x26e C:/devkitPro/libnds/lib\libnds9.a(touch.o)
 .debug_abbrev  0x0000000000000f5e      0x274 C:/devkitPro/libnds/lib\libnds9.a(pcx.o)
 .debug_abbrev  0x00000000000011d2      0x373 C:/devkitPro/libnds/lib\libnds9.a(trig.o)
 .debug_abbrev  0x0000000000001545      0x281 C:/devkitPro/libnds/lib\libnds9.a(image.o)
 .debug_abbrev  0x00000000000017c6      0x2c8 C:/devkitPro/libnds/lib\libnds9.a(keys.o)
 .debug_abbrev  0x0000000000001a8e      0x3af C:/devkitPro/libnds/lib\libnds9.a(initSystem.o)
 .debug_abbrev  0x0000000000001e3d      0x20b C:/devkitPro/libnds/lib\libnds9.a(timeSupport.o)
 .debug_abbrev  0x0000000000002048       0x47 C:/devkitPro/libnds/lib\libnds9.a(securearea.o)
 .debug_abbrev  0x000000000000208f      0x2f7 C:/devkitPro/libnds/lib\libnds9.a(interrupts.o)
 .debug_abbrev  0x0000000000002386      0x2d0 C:/devkitPro/libnds/lib\libnds9.a(libnds_exit.arm.o)
 .debug_abbrev  0x0000000000002656      0x59b C:/devkitPro/libnds/lib\libnds9.a(fifosystem.o)
 .debug_abbrev  0x0000000000002bf1       0x12 C:/devkitPro/libnds/lib\libnds9.a(mpu_setup.o)
 .debug_abbrev  0x0000000000002c03       0x12 C:/devkitPro/libnds/lib\libnds9.a(IntrWait.o)
 .debug_abbrev  0x0000000000002c15       0x14 C:/devkitPro/libnds/lib\libnds9.a(cpu_clock.o)
 .debug_abbrev  0x0000000000002c29       0x14 C:/devkitPro/libnds/lib\libnds9.a(interruptDispatcher.o)
 .debug_abbrev  0x0000000000002c3d       0x14 C:/devkitPro/libnds/lib\libnds9.a(swiSoftReset.o)
 .debug_abbrev  0x0000000000002c51      0x3cd C:/devkitPro/libnds/lib\libnds9.a(system.o)
 .debug_abbrev  0x000000000000301e       0x12 C:/devkitPro/libnds/lib\libnds9.a(biosCalls.o)

.debug_line     0x0000000000000000     0x5e71
 *(.debug_line)
 .debug_line    0x0000000000000000      0xac5 main.o
 .debug_line    0x0000000000000ac5      0x6e4 C:/devkitPro/libnds/lib\libnds9.a(background.o)
 .debug_line    0x00000000000011a9      0x4aa C:/devkitPro/libnds/lib\libnds9.a(video.o)
 .debug_line    0x0000000000001653      0x3d6 C:/devkitPro/libnds/lib\libnds9.a(touch.o)
 .debug_line    0x0000000000001a29      0x495 C:/devkitPro/libnds/lib\libnds9.a(pcx.o)
 .debug_line    0x0000000000001ebe      0x6ac C:/devkitPro/libnds/lib\libnds9.a(trig.o)
 .debug_line    0x000000000000256a      0x557 C:/devkitPro/libnds/lib\libnds9.a(image.o)
 .debug_line    0x0000000000002ac1      0x43c C:/devkitPro/libnds/lib\libnds9.a(keys.o)
 .debug_line    0x0000000000002efd      0x57f C:/devkitPro/libnds/lib\libnds9.a(initSystem.o)
 .debug_line    0x000000000000347c      0x21b C:/devkitPro/libnds/lib\libnds9.a(timeSupport.o)
 .debug_line    0x0000000000003697       0x82 C:/devkitPro/libnds/lib\libnds9.a(securearea.o)
 .debug_line    0x0000000000003719      0x53b C:/devkitPro/libnds/lib\libnds9.a(interrupts.o)
 .debug_line    0x0000000000003c54      0x2d0 C:/devkitPro/libnds/lib\libnds9.a(libnds_exit.arm.o)
 .debug_line    0x0000000000003f24     0x140d C:/devkitPro/libnds/lib\libnds9.a(fifosystem.o)
 .debug_line    0x0000000000005331      0x12f C:/devkitPro/libnds/lib\libnds9.a(mpu_setup.o)
 .debug_line    0x0000000000005460       0xba C:/devkitPro/libnds/lib\libnds9.a(IntrWait.o)
 .debug_line    0x000000000000551a       0xa3 C:/devkitPro/libnds/lib\libnds9.a(cpu_clock.o)
 .debug_line    0x00000000000055bd       0xcc C:/devkitPro/libnds/lib\libnds9.a(interruptDispatcher.o)
 .debug_line    0x0000000000005689       0x9c C:/devkitPro/libnds/lib\libnds9.a(swiSoftReset.o)
 .debug_line    0x0000000000005725      0x55a C:/devkitPro/libnds/lib\libnds9.a(system.o)
 .debug_line    0x0000000000005c7f      0x1f2 C:/devkitPro/libnds/lib\libnds9.a(biosCalls.o)

.debug_frame    0x0000000000000000      0x9c4
 *(.debug_frame)
 .debug_frame   0x0000000000000000       0xd4 main.o
 .debug_frame   0x00000000000000d4       0xcc C:/devkitPro/libnds/lib\libnds9.a(background.o)
 .debug_frame   0x00000000000001a0       0xb8 C:/devkitPro/libnds/lib\libnds9.a(video.o)
 .debug_frame   0x0000000000000258       0x3c C:/devkitPro/libnds/lib\libnds9.a(touch.o)
 .debug_frame   0x0000000000000294       0x3c C:/devkitPro/libnds/lib\libnds9.a(pcx.o)
 .debug_frame   0x00000000000002d0       0xd0 C:/devkitPro/libnds/lib\libnds9.a(trig.o)
 .debug_frame   0x00000000000003a0       0xc8 C:/devkitPro/libnds/lib\libnds9.a(image.o)
 .debug_frame   0x0000000000000468       0x8c C:/devkitPro/libnds/lib\libnds9.a(keys.o)
 .debug_frame   0x00000000000004f4       0x28 C:/devkitPro/libnds/lib\libnds9.a(initSystem.o)
 .debug_frame   0x000000000000051c       0x28 C:/devkitPro/libnds/lib\libnds9.a(timeSupport.o)
 .debug_frame   0x0000000000000544       0xa4 C:/devkitPro/libnds/lib\libnds9.a(interrupts.o)
 .debug_frame   0x00000000000005e8       0x3c C:/devkitPro/libnds/lib\libnds9.a(libnds_exit.arm.o)
 .debug_frame   0x0000000000000624      0x2a8 C:/devkitPro/libnds/lib\libnds9.a(fifosystem.o)
 .debug_frame   0x00000000000008cc       0xf8 C:/devkitPro/libnds/lib\libnds9.a(system.o)

.debug_str      0x0000000000000000     0x3b76
 *(.debug_str)
 .debug_str     0x0000000000000000     0x1a9e main.o
                                       0x1c98 (size before relaxing)
 .debug_str     0x0000000000001a9e      0x1e6 C:/devkitPro/libnds/lib\libnds9.a(background.o)
                                        0xbba (size before relaxing)
 .debug_str     0x0000000000001c84      0x54d C:/devkitPro/libnds/lib\libnds9.a(video.o)
                                        0xc55 (size before relaxing)
 .debug_str     0x00000000000021d1      0x13e C:/devkitPro/libnds/lib\libnds9.a(touch.o)
                                        0x7e2 (size before relaxing)
 .debug_str     0x000000000000230f       0xf8 C:/devkitPro/libnds/lib\libnds9.a(pcx.o)
                                        0x74b (size before relaxing)
 .debug_str     0x0000000000002407       0xf3 C:/devkitPro/libnds/lib\libnds9.a(trig.o)
                                        0x707 (size before relaxing)
 .debug_str     0x00000000000024fa       0xa0 C:/devkitPro/libnds/lib\libnds9.a(image.o)
                                        0x6e7 (size before relaxing)
 .debug_str     0x000000000000259a       0xbf C:/devkitPro/libnds/lib\libnds9.a(keys.o)
                                        0x8aa (size before relaxing)
 .debug_str     0x0000000000002659      0x6ae C:/devkitPro/libnds/lib\libnds9.a(initSystem.o)
                                       0x12a3 (size before relaxing)
 .debug_str     0x0000000000002d07       0x71 C:/devkitPro/libnds/lib\libnds9.a(timeSupport.o)
                                        0x6a9 (size before relaxing)
 .debug_str     0x0000000000002d78       0x72 C:/devkitPro/libnds/lib\libnds9.a(securearea.o)
                                        0x153 (size before relaxing)
 .debug_str     0x0000000000002dea      0x179 C:/devkitPro/libnds/lib\libnds9.a(interrupts.o)
                                        0x4dd (size before relaxing)
 .debug_str     0x0000000000002f63      0x1cd C:/devkitPro/libnds/lib\libnds9.a(libnds_exit.arm.o)
                                        0x873 (size before relaxing)
 .debug_str     0x0000000000003130      0x491 C:/devkitPro/libnds/lib\libnds9.a(fifosystem.o)
                                        0xd27 (size before relaxing)
 .debug_str     0x00000000000035c1       0x6d C:/devkitPro/libnds/lib\libnds9.a(mpu_setup.o)
                                         0xb4 (size before relaxing)
 .debug_str     0x000000000000362e       0x60 C:/devkitPro/libnds/lib\libnds9.a(IntrWait.o)
                                         0xb3 (size before relaxing)
 .debug_str     0x000000000000368e       0x61 C:/devkitPro/libnds/lib\libnds9.a(cpu_clock.o)
                                         0xb4 (size before relaxing)
 .debug_str     0x00000000000036ef       0x66 C:/devkitPro/libnds/lib\libnds9.a(interruptDispatcher.o)
                                         0xb9 (size before relaxing)
 .debug_str     0x0000000000003755       0x5f C:/devkitPro/libnds/lib\libnds9.a(swiSoftReset.o)
                                         0xb2 (size before relaxing)
 .debug_str     0x00000000000037b4      0x366 C:/devkitPro/libnds/lib\libnds9.a(system.o)
                                        0xc41 (size before relaxing)
 .debug_str     0x0000000000003b1a       0x5c C:/devkitPro/libnds/lib\libnds9.a(biosCalls.o)
                                         0xaf (size before relaxing)

.debug_loc      0x0000000000000000     0x3c84
 *(.debug_loc)
 .debug_loc     0x0000000000000000      0x41c main.o
 .debug_loc     0x000000000000041c      0x475 C:/devkitPro/libnds/lib\libnds9.a(background.o)
 .debug_loc     0x0000000000000891      0x2e5 C:/devkitPro/libnds/lib\libnds9.a(video.o)
 .debug_loc     0x0000000000000b76       0xb3 C:/devkitPro/libnds/lib\libnds9.a(touch.o)
 .debug_loc     0x0000000000000c29      0x583 C:/devkitPro/libnds/lib\libnds9.a(pcx.o)
 .debug_loc     0x00000000000011ac      0x922 C:/devkitPro/libnds/lib\libnds9.a(trig.o)
 .debug_loc     0x0000000000001ace      0x46d C:/devkitPro/libnds/lib\libnds9.a(image.o)
 .debug_loc     0x0000000000001f3b       0x15 C:/devkitPro/libnds/lib\libnds9.a(keys.o)
 .debug_loc     0x0000000000001f50       0xf0 C:/devkitPro/libnds/lib\libnds9.a(initSystem.o)
 .debug_loc     0x0000000000002040       0x25 C:/devkitPro/libnds/lib\libnds9.a(timeSupport.o)
 .debug_loc     0x0000000000002065      0x26c C:/devkitPro/libnds/lib\libnds9.a(interrupts.o)
 .debug_loc     0x00000000000022d1       0x64 C:/devkitPro/libnds/lib\libnds9.a(libnds_exit.arm.o)
 .debug_loc     0x0000000000002335     0x1710 C:/devkitPro/libnds/lib\libnds9.a(fifosystem.o)
 .debug_loc     0x0000000000003a45      0x23f C:/devkitPro/libnds/lib\libnds9.a(system.o)

.debug_macinfo
 *(.debug_macinfo)

.debug_weaknames
 *(.debug_weaknames)

.debug_funcnames
 *(.debug_funcnames)

.debug_typenames
 *(.debug_typenames)

.debug_varnames
 *(.debug_varnames)

.stack          0x0000000000080000        0x0
                0x0000000000080000                _stack = .
 *(.stack)
LOAD c:/devkitpro/devkitarm/bin/../lib/gcc/arm-none-eabi/8.3.0/../../../../arm-none-eabi/lib/ds_arm9_crt0.o
LOAD c:/devkitpro/devkitarm/bin/../lib/gcc/arm-none-eabi/8.3.0/crti.o
LOAD c:/devkitpro/devkitarm/bin/../lib/gcc/arm-none-eabi/8.3.0/crtbegin.o
LOAD cielo.pcx.o
LOAD ball.pcx.o
LOAD playa.pcx.o
LOAD bouncer.pcx.o
LOAD main.o
LOAD C:/devkitPro/libnds/lib\libnds9.a
LOAD c:/devkitpro/devkitarm/bin/../lib/gcc/arm-none-eabi/8.3.0/../../../../arm-none-eabi/lib\libstdc++.a
LOAD c:/devkitpro/devkitarm/bin/../lib/gcc/arm-none-eabi/8.3.0/../../../../arm-none-eabi/lib\libm.a
START GROUP
LOAD c:/devkitpro/devkitarm/bin/../lib/gcc/arm-none-eabi/8.3.0\libgcc.a
LOAD c:/devkitpro/devkitarm/bin/../lib/gcc/arm-none-eabi/8.3.0/../../../../arm-none-eabi/lib\libg.a
LOAD c:/devkitpro/devkitarm/bin/../lib/gcc/arm-none-eabi/8.3.0/../../../../arm-none-eabi/lib\libc.a
LOAD c:/devkitpro/devkitarm/bin/../lib/gcc/arm-none-eabi/8.3.0/../../../../arm-none-eabi/lib\libsysbase.a
END GROUP
LOAD c:/devkitpro/devkitarm/bin/../lib/gcc/arm-none-eabi/8.3.0/crtend.o
LOAD c:/devkitpro/devkitarm/bin/../lib/gcc/arm-none-eabi/8.3.0/crtn.o
OUTPUT(C:/Users/alumno/Desktop/fire_and_sprites/fire_and_sprites.elf elf32-littlearm)

.debug_ranges   0x0000000000000000      0xad0
 .debug_ranges  0x0000000000000000      0x130 main.o
 .debug_ranges  0x0000000000000130       0xe8 C:/devkitPro/libnds/lib\libnds9.a(background.o)
 .debug_ranges  0x0000000000000218       0x50 C:/devkitPro/libnds/lib\libnds9.a(video.o)
 .debug_ranges  0x0000000000000268       0x60 C:/devkitPro/libnds/lib\libnds9.a(touch.o)
 .debug_ranges  0x00000000000002c8       0x10 C:/devkitPro/libnds/lib\libnds9.a(pcx.o)
 .debug_ranges  0x00000000000002d8       0x98 C:/devkitPro/libnds/lib\libnds9.a(trig.o)
 .debug_ranges  0x0000000000000370       0x30 C:/devkitPro/libnds/lib\libnds9.a(image.o)
 .debug_ranges  0x00000000000003a0       0x58 C:/devkitPro/libnds/lib\libnds9.a(keys.o)
 .debug_ranges  0x00000000000003f8       0x10 C:/devkitPro/libnds/lib\libnds9.a(initSystem.o)
 .debug_ranges  0x0000000000000408       0x10 C:/devkitPro/libnds/lib\libnds9.a(timeSupport.o)
 .debug_ranges  0x0000000000000418      0x100 C:/devkitPro/libnds/lib\libnds9.a(interrupts.o)
 .debug_ranges  0x0000000000000518       0x18 C:/devkitPro/libnds/lib\libnds9.a(libnds_exit.arm.o)
 .debug_ranges  0x0000000000000530      0x440 C:/devkitPro/libnds/lib\libnds9.a(fifosystem.o)
 .debug_ranges  0x0000000000000970       0x28 C:/devkitPro/libnds/lib\libnds9.a(mpu_setup.o)
 .debug_ranges  0x0000000000000998       0x20 C:/devkitPro/libnds/lib\libnds9.a(IntrWait.o)
 .debug_ranges  0x00000000000009b8       0x58 C:/devkitPro/libnds/lib\libnds9.a(system.o)
 .debug_ranges  0x0000000000000a10       0xc0 C:/devkitPro/libnds/lib\libnds9.a(biosCalls.o)
